###############################################################################
#
# IAR ELF Linker V8.22.1.15669/W32 for ARM                27/Apr/2018  18:17:03
# Copyright 2007-2018 IAR Systems AB.
#
#    Output file  =  
#        C:\dp_repos\SDK_2.2_FRDM-KW41Z\boards\frdmkw41z\wireless_examples\bluetooth\BLE
#        Light\freertos\iar\debug\proximity_reporter_freertos.out
#    Map file     =  
#        C:\dp_repos\SDK_2.2_FRDM-KW41Z\boards\frdmkw41z\wireless_examples\bluetooth\BLE
#        Light\freertos\iar\debug\list\proximity_reporter_freertos.map
#    Command line =  
#        -f C:\Users\nxf44640\AppData\Local\Temp\5\EWEB95.tmp
#        ("C:\dp_repos\SDK_2.2_FRDM-KW41Z\boards\frdmkw41z\wireless_examples\bluetooth\BLE
#        Light\freertos\iar\debug\obj\app_config.o"
#        "C:\dp_repos\SDK_2.2_FRDM-KW41Z\boards\frdmkw41z\wireless_examples\bluetooth\BLE
#        Light\freertos\iar\debug\obj\ApplMain.o"
#        "C:\dp_repos\SDK_2.2_FRDM-KW41Z\boards\frdmkw41z\wireless_examples\bluetooth\BLE
#        Light\freertos\iar\debug\obj\battery_service.o"
#        "C:\dp_repos\SDK_2.2_FRDM-KW41Z\boards\frdmkw41z\wireless_examples\bluetooth\BLE
#        Light\freertos\iar\debug\obj\ble_conn_manager.o"
#        "C:\dp_repos\SDK_2.2_FRDM-KW41Z\boards\frdmkw41z\wireless_examples\bluetooth\BLE
#        Light\freertos\iar\debug\obj\ble_controller_task.o"
#        "C:\dp_repos\SDK_2.2_FRDM-KW41Z\boards\frdmkw41z\wireless_examples\bluetooth\BLE
#        Light\freertos\iar\debug\obj\ble_globals.o"
#        "C:\dp_repos\SDK_2.2_FRDM-KW41Z\boards\frdmkw41z\wireless_examples\bluetooth\BLE
#        Light\freertos\iar\debug\obj\ble_host_tasks.o"
#        "C:\dp_repos\SDK_2.2_FRDM-KW41Z\boards\frdmkw41z\wireless_examples\bluetooth\BLE
#        Light\freertos\iar\debug\obj\ble_init.o"
#        "C:\dp_repos\SDK_2.2_FRDM-KW41Z\boards\frdmkw41z\wireless_examples\bluetooth\BLE
#        Light\freertos\iar\debug\obj\board.o"
#        "C:\dp_repos\SDK_2.2_FRDM-KW41Z\boards\frdmkw41z\wireless_examples\bluetooth\BLE
#        Light\freertos\iar\debug\obj\clock_config.o"
#        "C:\dp_repos\SDK_2.2_FRDM-KW41Z\boards\frdmkw41z\wireless_examples\bluetooth\BLE
#        Light\freertos\iar\debug\obj\croutine.o"
#        "C:\dp_repos\SDK_2.2_FRDM-KW41Z\boards\frdmkw41z\wireless_examples\bluetooth\BLE
#        Light\freertos\iar\debug\obj\dbg_ram_capture.o"
#        "C:\dp_repos\SDK_2.2_FRDM-KW41Z\boards\frdmkw41z\wireless_examples\bluetooth\BLE
#        Light\freertos\iar\debug\obj\DCDC.o"
#        "C:\dp_repos\SDK_2.2_FRDM-KW41Z\boards\frdmkw41z\wireless_examples\bluetooth\BLE
#        Light\freertos\iar\debug\obj\device_info_service.o"
#        "C:\dp_repos\SDK_2.2_FRDM-KW41Z\boards\frdmkw41z\wireless_examples\bluetooth\BLE
#        Light\freertos\iar\debug\obj\event_groups.o"
#        "C:\dp_repos\SDK_2.2_FRDM-KW41Z\boards\frdmkw41z\wireless_examples\bluetooth\BLE
#        Light\freertos\iar\debug\obj\Flash_Adapter.o"
#        "C:\dp_repos\SDK_2.2_FRDM-KW41Z\boards\frdmkw41z\wireless_examples\bluetooth\BLE
#        Light\freertos\iar\debug\obj\fsl_adc16.o"
#        "C:\dp_repos\SDK_2.2_FRDM-KW41Z\boards\frdmkw41z\wireless_examples\bluetooth\BLE
#        Light\freertos\iar\debug\obj\fsl_clock.o"
#        "C:\dp_repos\SDK_2.2_FRDM-KW41Z\boards\frdmkw41z\wireless_examples\bluetooth\BLE
#        Light\freertos\iar\debug\obj\fsl_common.o"
#        "C:\dp_repos\SDK_2.2_FRDM-KW41Z\boards\frdmkw41z\wireless_examples\bluetooth\BLE
#        Light\freertos\iar\debug\obj\fsl_debug_console.o"
#        "C:\dp_repos\SDK_2.2_FRDM-KW41Z\boards\frdmkw41z\wireless_examples\bluetooth\BLE
#        Light\freertos\iar\debug\obj\fsl_dspi.o"
#        "C:\dp_repos\SDK_2.2_FRDM-KW41Z\boards\frdmkw41z\wireless_examples\bluetooth\BLE
#        Light\freertos\iar\debug\obj\fsl_flash.o"
#        "C:\dp_repos\SDK_2.2_FRDM-KW41Z\boards\frdmkw41z\wireless_examples\bluetooth\BLE
#        Light\freertos\iar\debug\obj\fsl_gpio.o"
#        "C:\dp_repos\SDK_2.2_FRDM-KW41Z\boards\frdmkw41z\wireless_examples\bluetooth\BLE
#        Light\freertos\iar\debug\obj\fsl_i2c.o"
#        "C:\dp_repos\SDK_2.2_FRDM-KW41Z\boards\frdmkw41z\wireless_examples\bluetooth\BLE
#        Light\freertos\iar\debug\obj\fsl_llwu.o"
#        "C:\dp_repos\SDK_2.2_FRDM-KW41Z\boards\frdmkw41z\wireless_examples\bluetooth\BLE
#        Light\freertos\iar\debug\obj\fsl_lptmr.o"
#        "C:\dp_repos\SDK_2.2_FRDM-KW41Z\boards\frdmkw41z\wireless_examples\bluetooth\BLE
#        Light\freertos\iar\debug\obj\fsl_lpuart.o"
#        "C:\dp_repos\SDK_2.2_FRDM-KW41Z\boards\frdmkw41z\wireless_examples\bluetooth\BLE
#        Light\freertos\iar\debug\obj\fsl_ltc.o"
#        "C:\dp_repos\SDK_2.2_FRDM-KW41Z\boards\frdmkw41z\wireless_examples\bluetooth\BLE
#        Light\freertos\iar\debug\obj\fsl_os_abstraction_free_rtos.o"
#        "C:\dp_repos\SDK_2.2_FRDM-KW41Z\boards\frdmkw41z\wireless_examples\bluetooth\BLE
#        Light\freertos\iar\debug\obj\fsl_pmc.o"
#        "C:\dp_repos\SDK_2.2_FRDM-KW41Z\boards\frdmkw41z\wireless_examples\bluetooth\BLE
#        Light\freertos\iar\debug\obj\fsl_rtc.o"
#        "C:\dp_repos\SDK_2.2_FRDM-KW41Z\boards\frdmkw41z\wireless_examples\bluetooth\BLE
#        Light\freertos\iar\debug\obj\fsl_smc.o"
#        "C:\dp_repos\SDK_2.2_FRDM-KW41Z\boards\frdmkw41z\wireless_examples\bluetooth\BLE
#        Light\freertos\iar\debug\obj\fsl_tickless_systick.o"
#        "C:\dp_repos\SDK_2.2_FRDM-KW41Z\boards\frdmkw41z\wireless_examples\bluetooth\BLE
#        Light\freertos\iar\debug\obj\fsl_tpm.o"
#        "C:\dp_repos\SDK_2.2_FRDM-KW41Z\boards\frdmkw41z\wireless_examples\bluetooth\BLE
#        Light\freertos\iar\debug\obj\fsl_trng.o"
#        "C:\dp_repos\SDK_2.2_FRDM-KW41Z\boards\frdmkw41z\wireless_examples\bluetooth\BLE
#        Light\freertos\iar\debug\obj\fsl_xcvr.o"
#        "C:\dp_repos\SDK_2.2_FRDM-KW41Z\boards\frdmkw41z\wireless_examples\bluetooth\BLE
#        Light\freertos\iar\debug\obj\fsl_xcvr_ant_config.o"
#        "C:\dp_repos\SDK_2.2_FRDM-KW41Z\boards\frdmkw41z\wireless_examples\bluetooth\BLE
#        Light\freertos\iar\debug\obj\fsl_xcvr_ble_config.o"
#        "C:\dp_repos\SDK_2.2_FRDM-KW41Z\boards\frdmkw41z\wireless_examples\bluetooth\BLE
#        Light\freertos\iar\debug\obj\fsl_xcvr_common_config.o"
#        "C:\dp_repos\SDK_2.2_FRDM-KW41Z\boards\frdmkw41z\wireless_examples\bluetooth\BLE
#        Light\freertos\iar\debug\obj\fsl_xcvr_gfsk_bt_0p3_h_0p5_config.o"
#        "C:\dp_repos\SDK_2.2_FRDM-KW41Z\boards\frdmkw41z\wireless_examples\bluetooth\BLE
#        Light\freertos\iar\debug\obj\fsl_xcvr_gfsk_bt_0p5_h_0p32_config.o"
#        "C:\dp_repos\SDK_2.2_FRDM-KW41Z\boards\frdmkw41z\wireless_examples\bluetooth\BLE
#        Light\freertos\iar\debug\obj\fsl_xcvr_gfsk_bt_0p5_h_0p5_config.o"
#        "C:\dp_repos\SDK_2.2_FRDM-KW41Z\boards\frdmkw41z\wireless_examples\bluetooth\BLE
#        Light\freertos\iar\debug\obj\fsl_xcvr_gfsk_bt_0p5_h_0p7_config.o"
#        "C:\dp_repos\SDK_2.2_FRDM-KW41Z\boards\frdmkw41z\wireless_examples\bluetooth\BLE
#        Light\freertos\iar\debug\obj\fsl_xcvr_gfsk_bt_0p5_h_1p0_config.o"
#        "C:\dp_repos\SDK_2.2_FRDM-KW41Z\boards\frdmkw41z\wireless_examples\bluetooth\BLE
#        Light\freertos\iar\debug\obj\fsl_xcvr_gfsk_bt_0p7_h_0p5_config.o"
#        "C:\dp_repos\SDK_2.2_FRDM-KW41Z\boards\frdmkw41z\wireless_examples\bluetooth\BLE
#        Light\freertos\iar\debug\obj\fsl_xcvr_mode_datarate_config.o"
#        "C:\dp_repos\SDK_2.2_FRDM-KW41Z\boards\frdmkw41z\wireless_examples\bluetooth\BLE
#        Light\freertos\iar\debug\obj\fsl_xcvr_msk_config.o"
#        "C:\dp_repos\SDK_2.2_FRDM-KW41Z\boards\frdmkw41z\wireless_examples\bluetooth\BLE
#        Light\freertos\iar\debug\obj\fsl_xcvr_trim.o"
#        "C:\dp_repos\SDK_2.2_FRDM-KW41Z\boards\frdmkw41z\wireless_examples\bluetooth\BLE
#        Light\freertos\iar\debug\obj\fsl_xcvr_zgbe_config.o"
#        "C:\dp_repos\SDK_2.2_FRDM-KW41Z\boards\frdmkw41z\wireless_examples\bluetooth\BLE
#        Light\freertos\iar\debug\obj\FunctionLib.o"
#        "C:\dp_repos\SDK_2.2_FRDM-KW41Z\boards\frdmkw41z\wireless_examples\bluetooth\BLE
#        Light\freertos\iar\debug\obj\gatt_database.o"
#        "C:\dp_repos\SDK_2.2_FRDM-KW41Z\boards\frdmkw41z\wireless_examples\bluetooth\BLE
#        Light\freertos\iar\debug\obj\GenericList.o"
#        "C:\dp_repos\SDK_2.2_FRDM-KW41Z\boards\frdmkw41z\wireless_examples\bluetooth\BLE
#        Light\freertos\iar\debug\obj\GPIO_Adapter.o"
#        "C:\dp_repos\SDK_2.2_FRDM-KW41Z\boards\frdmkw41z\wireless_examples\bluetooth\BLE
#        Light\freertos\iar\debug\obj\gpio_pins.o"
#        "C:\dp_repos\SDK_2.2_FRDM-KW41Z\boards\frdmkw41z\wireless_examples\bluetooth\BLE
#        Light\freertos\iar\debug\obj\hcit_serial_interface.o"
#        "C:\dp_repos\SDK_2.2_FRDM-KW41Z\boards\frdmkw41z\wireless_examples\bluetooth\BLE
#        Light\freertos\iar\debug\obj\heap_4.o"
#        "C:\dp_repos\SDK_2.2_FRDM-KW41Z\boards\frdmkw41z\wireless_examples\bluetooth\BLE
#        Light\freertos\iar\debug\obj\hid_service.o"
#        "C:\dp_repos\SDK_2.2_FRDM-KW41Z\boards\frdmkw41z\wireless_examples\bluetooth\BLE
#        Light\freertos\iar\debug\obj\ifr_radio.o"
#        "C:\dp_repos\SDK_2.2_FRDM-KW41Z\boards\frdmkw41z\wireless_examples\bluetooth\BLE
#        Light\freertos\iar\debug\obj\immediate_alert_service.o"
#        "C:\dp_repos\SDK_2.2_FRDM-KW41Z\boards\frdmkw41z\wireless_examples\bluetooth\BLE
#        Light\freertos\iar\debug\obj\Keyboard.o"
#        "C:\dp_repos\SDK_2.2_FRDM-KW41Z\boards\frdmkw41z\wireless_examples\bluetooth\BLE
#        Light\freertos\iar\debug\obj\LED.o"
#        "C:\dp_repos\SDK_2.2_FRDM-KW41Z\boards\frdmkw41z\wireless_examples\bluetooth\BLE
#        Light\freertos\iar\debug\obj\link_loss_service.o"
#        "C:\dp_repos\SDK_2.2_FRDM-KW41Z\boards\frdmkw41z\wireless_examples\bluetooth\BLE
#        Light\freertos\iar\debug\obj\list.o"
#        "C:\dp_repos\SDK_2.2_FRDM-KW41Z\boards\frdmkw41z\wireless_examples\bluetooth\BLE
#        Light\freertos\iar\debug\obj\MemManager.o"
#        "C:\dp_repos\SDK_2.2_FRDM-KW41Z\boards\frdmkw41z\wireless_examples\bluetooth\BLE
#        Light\freertos\iar\debug\obj\Messaging.o"
#        "C:\dp_repos\SDK_2.2_FRDM-KW41Z\boards\frdmkw41z\wireless_examples\bluetooth\BLE
#        Light\freertos\iar\debug\obj\ModuleInfo.o"
#        "C:\dp_repos\SDK_2.2_FRDM-KW41Z\boards\frdmkw41z\wireless_examples\bluetooth\BLE
#        Light\freertos\iar\debug\obj\MWS.o"
#        "C:\dp_repos\SDK_2.2_FRDM-KW41Z\boards\frdmkw41z\wireless_examples\bluetooth\BLE
#        Light\freertos\iar\debug\obj\NV_Flash.o"
#        "C:\dp_repos\SDK_2.2_FRDM-KW41Z\boards\frdmkw41z\wireless_examples\bluetooth\BLE
#        Light\freertos\iar\debug\obj\NV_FsciCommands.o"
#        "C:\dp_repos\SDK_2.2_FRDM-KW41Z\boards\frdmkw41z\wireless_examples\bluetooth\BLE
#        Light\freertos\iar\debug\obj\Panic.o"
#        "C:\dp_repos\SDK_2.2_FRDM-KW41Z\boards\frdmkw41z\wireless_examples\bluetooth\BLE
#        Light\freertos\iar\debug\obj\pin_mux.o"
#        "C:\dp_repos\SDK_2.2_FRDM-KW41Z\boards\frdmkw41z\wireless_examples\bluetooth\BLE
#        Light\freertos\iar\debug\obj\port.o"
#        "C:\dp_repos\SDK_2.2_FRDM-KW41Z\boards\frdmkw41z\wireless_examples\bluetooth\BLE
#        Light\freertos\iar\debug\obj\portasm.o"
#        "C:\dp_repos\SDK_2.2_FRDM-KW41Z\boards\frdmkw41z\wireless_examples\bluetooth\BLE
#        Light\freertos\iar\debug\obj\proximity_reporter.o"
#        "C:\dp_repos\SDK_2.2_FRDM-KW41Z\boards\frdmkw41z\wireless_examples\bluetooth\BLE
#        Light\freertos\iar\debug\obj\queue.o"
#        "C:\dp_repos\SDK_2.2_FRDM-KW41Z\boards\frdmkw41z\wireless_examples\bluetooth\BLE
#        Light\freertos\iar\debug\obj\Reset.o"
#        "C:\dp_repos\SDK_2.2_FRDM-KW41Z\boards\frdmkw41z\wireless_examples\bluetooth\BLE
#        Light\freertos\iar\debug\obj\RNG.o"
#        "C:\dp_repos\SDK_2.2_FRDM-KW41Z\boards\frdmkw41z\wireless_examples\bluetooth\BLE
#        Light\freertos\iar\debug\obj\SecLib.o"
#        "C:\dp_repos\SDK_2.2_FRDM-KW41Z\boards\frdmkw41z\wireless_examples\bluetooth\BLE
#        Light\freertos\iar\debug\obj\SerialManager.o"
#        "C:\dp_repos\SDK_2.2_FRDM-KW41Z\boards\frdmkw41z\wireless_examples\bluetooth\BLE
#        Light\freertos\iar\debug\obj\startup_MKW41Z4.o"
#        "C:\dp_repos\SDK_2.2_FRDM-KW41Z\boards\frdmkw41z\wireless_examples\bluetooth\BLE
#        Light\freertos\iar\debug\obj\system_MKW41Z4.o"
#        "C:\dp_repos\SDK_2.2_FRDM-KW41Z\boards\frdmkw41z\wireless_examples\bluetooth\BLE
#        Light\freertos\iar\debug\obj\tasks.o"
#        "C:\dp_repos\SDK_2.2_FRDM-KW41Z\boards\frdmkw41z\wireless_examples\bluetooth\BLE
#        Light\freertos\iar\debug\obj\timers.o"
#        "C:\dp_repos\SDK_2.2_FRDM-KW41Z\boards\frdmkw41z\wireless_examples\bluetooth\BLE
#        Light\freertos\iar\debug\obj\TimersManager.o"
#        "C:\dp_repos\SDK_2.2_FRDM-KW41Z\boards\frdmkw41z\wireless_examples\bluetooth\BLE
#        Light\freertos\iar\debug\obj\TMR_Adapter.o"
#        "C:\dp_repos\SDK_2.2_FRDM-KW41Z\boards\frdmkw41z\wireless_examples\bluetooth\BLE
#        Light\freertos\iar\debug\obj\tx_power_service.o"
#        "C:\dp_repos\SDK_2.2_FRDM-KW41Z\boards\frdmkw41z\wireless_examples\bluetooth\BLE
#        Light\freertos\iar\debug\obj\UART_Adapter.o" --redirect
#        _Printf=_PrintfSmallNoMb --redirect _Scanf=_ScanfSmallNoMb -o
#        "C:\dp_repos\SDK_2.2_FRDM-KW41Z\boards\frdmkw41z\wireless_examples\bluetooth\BLE
#        Light\freertos\iar\debug\proximity_reporter_freertos.out" --config_def
#        gUseNVMLink_d=1 --config_def gEraseNVMLink_d=1 --map
#        "C:\dp_repos\SDK_2.2_FRDM-KW41Z\boards\frdmkw41z\wireless_examples\bluetooth\BLE
#        Light\freertos\iar\debug\list\proximity_reporter_freertos.map"
#        --config
#        "C:\dp_repos\SDK_2.2_FRDM-KW41Z\boards\frdmkw41z\wireless_examples\bluetooth\BLE
#        Light\freertos\iar/MKW41Z512xxx4_connectivity.icf" --semihosting
#        "C:\dp_repos\SDK_2.2_FRDM-KW41Z\boards\frdmkw41z\wireless_examples\bluetooth\BLE
#        Light\freertos\iar/../../../../../../../middleware/wireless/bluetooth_1.2.4/host/lib/lib_ble_4-2_host_peripheral_cm0p.a"
#        "C:\dp_repos\SDK_2.2_FRDM-KW41Z\boards\frdmkw41z\wireless_examples\bluetooth\BLE
#        Light\freertos\iar/../../../../../../../middleware/wireless/bluetooth_1.2.4/controller/lib/lib_ble_kw41z_controller.a"
#        "C:\dp_repos\SDK_2.2_FRDM-KW41Z\boards\frdmkw41z\wireless_examples\bluetooth\BLE
#        Light\freertos\iar/../../../../../../../middleware/wireless/framework_5.3.4/SecLib/lib_crypto_m0.a"
#        --entry __iar_program_start --vfe --text_out locale)
#
###############################################################################

*******************************************************************************
*** RUNTIME MODEL ATTRIBUTES
***

CppFlavor       = *
__SystemLibrary = DLib
__dlib_version  = 6


*******************************************************************************
*** HEAP SELECTION
***

The basic heap was selected because no calls to memory allocation
functions were found in the application outside of system library
functions, and there are calls to deallocation functions in the
application.


*******************************************************************************
*** PLACEMENT SUMMARY
***

"A0":  place at 0x00000000 { ro section .intvec };
"P3":  place in [from 0x00000000 to 0x000003ff] |
                [from 0x00000410 to 0x0007d7ff] { ro };
"P4":  place in [from 0x1fff80c0 to 0x1fffffff] |
                [from 0x20000000 to 0x20017e7f] { rw, zi };
define block CSTACK with size = 384, alignment = 8 { };
"P6":  place in [from 0x20017e80 to 0x20017fff] { block CSTACK };
"P7":  place in [from 0x00000400 to 0x0000040f] { section FlashConfig };
initialize by copy { rw, section .textrw };

No sections matched the following patterns:

  ro section .FREESCALE_PROD_DATA  in "A1"
  ro section fEraseNVM             in "P1"
  ro section sEraseNVM             in "P2"


  Section            Kind        Address     Size  Object
  -------            ----        -------     ----  ------
"A0":                                        0xc0
  .intvec            ro code  0x00000000     0xc0  startup_MKW41Z4.o [1]
                            - 0x000000c0     0xc0

"P3", part 1 of 2:                            0x0
  .rodata            const    0x000000c0      0x0  zero_init3.o [8]
  .rodata            const    0x000000c0      0x0  lz77_init.o [8]

"P7":                                        0x10
  FlashConfig        ro code  0x00000400     0x10  startup_MKW41Z4.o [1]
                            - 0x00000410     0x10

"P3", part 2 of 2:                        0x24486
  .text              ro code  0x00000410   0x2f4c  ll_connection.o [5]
  .text              ro code  0x0000335c     0x62  FunctionLib.o [1]
  .rodata            const    0x000033be      0x2  app_config.o [1]
  .text              ro code  0x000033c0   0x137e  ll_pdu.o [5]
  .rodata            const    0x0000473e      0x2  ble_controller_task.o [1]
  .text              ro code  0x00004740    0x95c  ll.o [5]
  .text              ro code  0x0000509c    0x122  bt_fw_os_al.o [5]
  .text              ro code  0x000051be      0x2  startup_MKW41Z4.o [1]
  .text              ro code  0x000051c0   0x11e0  llh_api.o [5]
  .text              ro code  0x000063a0    0x432  ll_utils.o [5]
  .rodata            const    0x000067d2      0x1  app_config.o [1]
  .rodata            const    0x000067d3      0x1  ble_controller_task.o [1]
  .text              ro code  0x000067d4    0xa94  ll_policies.o [5]
  .text              ro code  0x00007268     0xb8  platform_llh_interface.o [5]
  .text              ro code  0x00007320    0x386  fsl_os_abstraction_free_rtos.o [1]
  .rodata            const    0x000076a6      0x1  ble_controller_task.o [1]
  .rodata            const    0x000076a7      0x1  ble_controller_task.o [1]
  .text              ro code  0x000076a8    0xcfe  fsl_xcvr.o [1]
  .rodata            const    0x000083a6      0x1  ble_controller_task.o [1]
  .rodata            const    0x000083a7      0x1  board.o [1]
  .text              ro code  0x000083a8    0x1ae  platform_board_init.o [5]
  .text              ro code  0x00008556     0x16  MWS.o [1]
  .text              ro code  0x0000856c    0x50c  lec_hci_le_conn_commands.o [5]
  .text              ro code  0x00008a78    0x590  lec_hci_le_commands.o [5]
  .text              ro code  0x00009008     0x4e  hci_td_api.o [5]
  .rodata            const    0x00009056      0x1  board.o [1]
  .rodata            const    0x00009057      0x1  fsl_os_abstraction_free_rtos.o [1]
  .text              ro code  0x00009058    0x1c4  lec_hci_le.o [5]
  .text              ro code  0x0000921c     0xe0  I32DivModFast.o [8]
  .text              ro code  0x000092fc    0x638  SecLib.o [1]
  .text              ro code  0x00009934    0x20c  RNG.o [1]
  .text              ro code  0x00009b40     0x8e  llh_utils.o [5]
  .rodata            const    0x00009bce      0x1  fsl_xcvr_trim.o [1]
  .text              ro code  0x00009bd0    0x38c  ll_advertiser.o [5]
  .text              ro code  0x00009f5c    0x3e8  ll_scanner.o [5]
  .text              ro code  0x0000a344    0x2cc  platform_rf_driver.o [5]
  .text              ro code  0x0000a610     0xaa  lec_hci_le_utils.o [5]
  .text              ro code  0x0000a6bc     0x4c  lec_hci_le_encryption_commands.o [5]
  .text              ro code  0x0000a708    0x26c  lec_hci_le_common_commands.o [5]
  .text              ro code  0x0000a974    0x154  MemManager.o [1]
  .text              ro code  0x0000aac8     0xa0  platform_power_save.o [5]
  .text              ro code  0x0000ab68    0x692  ApplMain.o [1]
  .text              ro code  0x0000b1fc    0x98c  tasks.o [1]
  .text              ro code  0x0000bb88    0x6d0  queue.o [1]
  .text              ro code  0x0000c258    0x22c  event_groups.o [1]
  .text              ro code  0x0000c484      0x2  Panic.o [1]
  CODE               ro code  0x0000c488     0x7c  portasm.o [1]
  .text              ro code  0x0000c504     0xe4  port.o [1]
  .text              ro code  0x0000c5e8     0xa0  fsl_common.o [1]
  .text              ro code  0x0000c688    0x394  board.o [1]
  .text              ro code  0x0000ca1c     0x5c  ABImemcpy.o [8]
  .text              ro code  0x0000ca78    0x228  ifr_radio.o [1]
  .text              ro code  0x0000cca0    0xe3c  fsl_xcvr_trim.o [1]
  .text              ro code  0x0000dadc      0x4  platform_board_init.o [5]
  .text              ro code  0x0000dae0    0x220  hci_td.o [5]
  .text              ro code  0x0000dd00    0x194  lec_hci_le_vendor_commands.o [5]
  .text              ro code  0x0000de94    0x398  lec_hci_br_edr_commands.o [5]
  .text              ro code  0x0000e22c      0x2  IntDivZer.o [8]
  .text              ro code  0x0000e230    0xb78  fsl_ltc.o [1]
  .text              ro code  0x0000eda8     0x54  ABImemset.o [8]
  .text              ro code  0x0000edfc    0x424  SW_SHA256.o [6]
  .text              ro code  0x0000f220     0xd6  ecdh.o [6]
  .text              ro code  0x0000f2f8    0x62a  fsl_trng.o [1]
  .text              ro code  0x0000f924     0x38  SW_RNG.o [6]
  .text              ro code  0x0000f95c     0xd8  bt_le_bluetooth.o [5]
  .text              ro code  0x0000fa34     0x1e  lec_hci_le_scan_commands.o [5]
  .text              ro code  0x0000fa52     0xe6  GenericList.o [1]
  .text              ro code  0x0000fb38    0x7ec  TimersManager.o [1]
  .text              ro code  0x00010324    0x2e0  LED.o [1]
  .text              ro code  0x00010604    0x2b8  Keyboard.o [1]
  .text              ro code  0x000108bc    0x384  proximity_reporter.o [1]
  .text              ro code  0x00010c40     0x68  ble_init.o [1]
  .text              ro code  0x00010ca8     0x38  Messaging.o [1]
  .text              ro code  0x00010ce0    0x3b4  gap_api2msg.o [4]
  .text              ro code  0x00011094     0x7c  gatt_api2msg.o [4]
  .text              ro code  0x00011110    0x23c  heap_4.o [1]
  .text              ro code  0x0001134c     0x9c  list.o [1]
  .text              ro code  0x000113e8    0x410  timers.o [1]
  .text              ro code  0x000117f8     0x34  fsl_tickless_systick.o [1]
  .text              ro code  0x0001182c    0x380  fsl_debug_console.o [1]
  .text              ro code  0x00011bac    0x244  clock_config.o [1]
  .text              ro code  0x00011df0    0x300  Flash_Adapter.o [1]
  .text              ro code  0x000120f0     0x16  uread4.o [8]
  .text              ro code  0x00012108     0x14  uwrite4.o [8]
  .text              ro code  0x0001211c    0x67c  GPIO_Adapter.o [1]
  .text              ro code  0x00012798    0x344  fsl_adc16.o [1]
  .text              ro code  0x00012adc    0x848  DCDC.o [1]
  .text              ro code  0x00013324      0x6  fsl_pmc.o [1]
  .text              ro code  0x0001332c    0x4aa  fsl_clock.o [1]
  .text              ro code  0x000137d8     0x36  IxxToFlt.o [7]
  .text              ro code  0x0001380e     0xaa  FltDiv.o [7]
  .text              ro code  0x000138b8     0x26  FltCmpLe.o [7]
  .text              ro code  0x000138de    0x120  FltAddSub.o [7]
  .text              ro code  0x00013a00     0x3a  FltToS32.o [7]
  .text              ro code  0x00013a3a     0xb0  FltMul.o [7]
  .text              ro code  0x00013aec     0x98  round32.o [7]
  .text              ro code  0x00013b84     0x26  FltToU32.o [7]
  .text              ro code  0x00013baa    0x340  lec_hci_param_converter.o [5]
  .text              ro code  0x00013eec    0x554  platform_vendor_cmds.o [5]
  .text              ro code  0x00014440    0x468  lec_hci_param_validation.o [5]
  .text              ro code  0x000148a8    0x314  big_integer.o [6]
  .text              ro code  0x00014bbc   0x10bc  ec_p_256.o [6]
  .text              ro code  0x00015c78     0x32  I64Mul.o [8]
  .text              ro code  0x00015caa     0x6a  I64DivMod.o [8]
  .text              ro code  0x00015d14      0x2  platform_abs.o [5]
  .text              ro code  0x00015d18    0x1c4  TMR_Adapter.o [1]
  .text              ro code  0x00015edc     0xbc  pin_mux.o [1]
  .text              ro code  0x00015f98    0x198  ble_conn_manager.o [1]
  .text              ro code  0x00016130     0xc0  battery_service.o [1]
  .text              ro code  0x000161f0    0x380  device_info_service.o [1]
  .text              ro code  0x00016570    0x118  hid_service.o [1]
  .text              ro code  0x00016688    0x1f4  ble_controller_task.o [1]
  .text              ro code  0x0001687c     0x7c  ble_host_tasks.o [1]
  .text              ro code  0x000168f8   0x1214  gap.o [4]
  .text              ro code  0x00017b0c     0x16  gatt.o [4]
  .text              ro code  0x00017b24    0x948  gatt_server.o [4]
  .text              ro code  0x0001846c     0x10  strlen.o [8]
  .text              ro code  0x0001847c    0x3cc  fsl_flash.o [1]
  .text              ro code  0x00018848     0x64  fsl_gpio.o [1]
  .text              ro code  0x000188ac      0x2  I64DivZer.o [8]
  .text              ro code  0x000188b0    0x236  fsl_tpm.o [1]
  .text              ro code  0x00018ae8    0x218  gatt_db_app.o [4]
  .text              ro code  0x00018d00     0x68  llf_task.o [5]
  .text              ro code  0x00018d68    0x448  host_hl_task.o [4]
  .text              ro code  0x000191b0   0x1154  hci_commands.o [4]
  .text              ro code  0x0001a304    0x174  l2ca_main.o [4]
  .text              ro code  0x0001a478    0x608  sm_core.o [4]
  .text              ro code  0x0001aa80     0x8c  gatt_database.o [1]
  .text              ro code  0x0001ab0c    0x804  device_db.o [4]
  .text              ro code  0x0001b310    0x3dc  gap_cm.o [4]
  .text              ro code  0x0001b6ec    0xc04  gatt_db_att.o [4]
  .text              ro code  0x0001c2f0    0x43c  att.o [4]
  .text              ro code  0x0001c72c    0x418  att_cb.o [4]
  .text              ro code  0x0001cb44    0x360  ll_tasks.o [5]
  .text              ro code  0x0001cea4    0xb8e  gap_hci_cb.o [4]
  .text              ro code  0x0001da34    0xb00  l2ca_signaling.o [4]
  .text              ro code  0x0001e534    0x744  l2ca_resource_manager.o [4]
  .text              ro code  0x0001ec78    0x478  gap_sm_cb.o [4]
  .text              ro code  0x0001f0f0   0x2540  sm_states.o [4]
  .text              ro code  0x00021630     0x30  sm_debug.o [4]
  .text              ro code  0x00021660    0x46c  sm_crypto.o [4]
  .text              ro code  0x00021acc     0x1e  U64Shr.o [8]
  .text              ro code  0x00021aec    0x288  sm_states_tb.o [4]
  .text              ro code  0x00021d74    0x1e4  sm_states_hci.o [4]
  .text              ro code  0x00021f58    0x4fc  sm_packet_op.o [4]
  .rodata            const    0x00022454    0x400  fsl_xcvr.o [1]
  .rodata            const    0x00022854    0x23c  fsl_xcvr_common_config.o [1]
  .text              ro code  0x00022a90    0x1e4  lz77_init.o [8]
  .text              ro code  0x00022c74      0xa  abort.o [3]
  .text              ro code  0x00022c80     0x14  exit.o [9]
  .rodata            const    0x00022c94     0xa8  board.o [1]
  .rodata            const    0x00022d3c     0xa8  DCDC.o [1]
  .rodata            const    0x00022de4     0xa4  GPIO_Adapter.o [1]
  .text              ro code  0x00022e88     0x9c  fsl_dspi.o [1]
  .rodata            const    0x00022f24     0x80  ec_p_256.o [6]
  .rodata            const    0x00022fa4     0x68  fsl_xcvr_ant_config.o [1]
  .rodata            const    0x0002300c     0x68  fsl_xcvr_ble_config.o [1]
  .rodata            const    0x00023074     0x68  fsl_xcvr_gfsk_bt_0p3_h_0p5_config.o [1]
  .rodata            const    0x000230dc     0x68  fsl_xcvr_gfsk_bt_0p3_h_0p5_config.o [1]
  .rodata            const    0x00023144     0x68  fsl_xcvr_gfsk_bt_0p3_h_0p5_config.o [1]
  .rodata            const    0x000231ac     0x68  fsl_xcvr_gfsk_bt_0p5_h_0p32_config.o [1]
  .rodata            const    0x00023214     0x68  fsl_xcvr_gfsk_bt_0p5_h_0p32_config.o [1]
  .rodata            const    0x0002327c     0x68  fsl_xcvr_gfsk_bt_0p5_h_0p32_config.o [1]
  .rodata            const    0x000232e4     0x68  fsl_xcvr_gfsk_bt_0p5_h_0p5_config.o [1]
  .rodata            const    0x0002334c     0x68  fsl_xcvr_gfsk_bt_0p5_h_0p5_config.o [1]
  .rodata            const    0x000233b4     0x68  fsl_xcvr_gfsk_bt_0p5_h_0p5_config.o [1]
  .rodata            const    0x0002341c     0x68  fsl_xcvr_gfsk_bt_0p5_h_0p7_config.o [1]
  .rodata            const    0x00023484     0x68  fsl_xcvr_gfsk_bt_0p5_h_0p7_config.o [1]
  .rodata            const    0x000234ec     0x68  fsl_xcvr_gfsk_bt_0p5_h_0p7_config.o [1]
  .rodata            const    0x00023554     0x68  fsl_xcvr_gfsk_bt_0p5_h_1p0_config.o [1]
  .rodata            const    0x000235bc     0x68  fsl_xcvr_gfsk_bt_0p5_h_1p0_config.o [1]
  .rodata            const    0x00023624     0x68  fsl_xcvr_gfsk_bt_0p5_h_1p0_config.o [1]
  .rodata            const    0x0002368c     0x68  fsl_xcvr_gfsk_bt_0p7_h_0p5_config.o [1]
  .rodata            const    0x000236f4     0x68  fsl_xcvr_gfsk_bt_0p7_h_0p5_config.o [1]
  .rodata            const    0x0002375c     0x68  fsl_xcvr_gfsk_bt_0p7_h_0p5_config.o [1]
  .rodata            const    0x000237c4     0x68  fsl_xcvr_msk_config.o [1]
  .rodata            const    0x0002382c     0x68  fsl_xcvr_msk_config.o [1]
  .rodata            const    0x00023894     0x68  fsl_xcvr_msk_config.o [1]
  .rodata            const    0x000238fc     0x68  fsl_xcvr_zgbe_config.o [1]
  .text              ro code  0x00023964     0x60  fsl_i2c.o [1]
  .isr_handler       ro code  0x000239c4     0x50  Keyboard.o [1]
  .rodata            const    0x00023a14     0x48  fsl_xcvr_ant_config.o [1]
  .rodata            const    0x00023a5c     0x48  fsl_xcvr_ble_config.o [1]
  .rodata            const    0x00023aa4     0x48  fsl_xcvr_gfsk_bt_0p3_h_0p5_config.o [1]
  .rodata            const    0x00023aec     0x48  fsl_xcvr_gfsk_bt_0p5_h_0p32_config.o [1]
  .rodata            const    0x00023b34     0x48  fsl_xcvr_gfsk_bt_0p5_h_0p5_config.o [1]
  .rodata            const    0x00023b7c     0x48  fsl_xcvr_gfsk_bt_0p5_h_0p7_config.o [1]
  .rodata            const    0x00023bc4     0x48  fsl_xcvr_gfsk_bt_0p5_h_1p0_config.o [1]
  .rodata            const    0x00023c0c     0x48  fsl_xcvr_gfsk_bt_0p7_h_0p5_config.o [1]
  .rodata            const    0x00023c54     0x48  fsl_xcvr_msk_config.o [1]
  .rodata            const    0x00023c9c     0x48  fsl_xcvr_zgbe_config.o [1]
  .rodata            const    0x00023ce4     0x44  fsl_adc16.o [1]
  .rodata            const    0x00023d28     0x44  fsl_clock.o [1]
  .rodata            const    0x00023d6c     0x44  fsl_dspi.o [1]
  .rodata            const    0x00023db0     0x44  fsl_gpio.o [1]
  .rodata            const    0x00023df4     0x44  fsl_tpm.o [1]
  .rodata            const    0x00023e38     0x44  fsl_trng.o [1]
  .rodata            const    0x00023e7c     0x40  fsl_xcvr_mode_datarate_config.o [1]
  .rodata            const    0x00023ebc     0x40  fsl_xcvr_mode_datarate_config.o [1]
  .rodata            const    0x00023efc     0x40  fsl_xcvr_mode_datarate_config.o [1]
  .rodata            const    0x00023f3c     0x40  fsl_xcvr_zgbe_config.o [1]
  .text              ro code  0x00023f7c     0x3c  zero_init3.o [8]
  .text              ro code  0x00023fb8     0x2e  ll_isr.o [5]
  .text              ro code  0x00023fe6      0x4  ll_isr.o [5]
  .rodata            const    0x00023fec     0x2c  fsl_common.o [1]
  .text              ro code  0x00024018     0x28  startup_MKW41Z4.o [1]
  .text              ro code  0x00024040     0x28  data_init.o [8]
  .iar.init_table    const    0x00024068     0x2c  - Linker created -
  .rodata            const    0x00024094     0x20  fsl_flash.o [1]
  .rodata            const    0x000240b4     0x20  ModuleInfo.o [1]
  .text              ro code  0x000240d4     0x20  lec_hci_le_adv_commands.o [5]
  .text              ro code  0x000240f4     0x1e  cmain.o [8]
  .text              ro code  0x00024112      0x4  low_level_init.o [3]
  .text              ro code  0x00024116      0x8  exit.o [3]
  .text              ro code  0x00024120      0xa  cexit.o [8]
  .rodata            const    0x0002412c     0x1c  fsl_flash.o [1]
  .rodata            const    0x00024148     0x1c  fsl_xcvr_trim.o [1]
  .text              ro code  0x00024164     0x1c  fsl_lpuart.o [1]
  .rodata            const    0x00024180     0x18  app_config.o [1]
  .rodata            const    0x00024198     0x18  fsl_xcvr.o [1]
  .rodata            const    0x000241b0     0x14  board.o [1]
  .rodata            const    0x000241c4     0x10  app_config.o [1]
  .rodata            const    0x000241d4     0x10  battery_service.o [1]
  .rodata            const    0x000241e4     0x10  ble_controller_task.o [1]
  .rodata            const    0x000241f4     0x10  device_info_service.o [1]
  .rodata            const    0x00024204     0x10  device_info_service.o [1]
  .rodata            const    0x00024214     0x10  device_info_service.o [1]
  .rodata            const    0x00024224     0x10  device_info_service.o [1]
  .rodata            const    0x00024234     0x10  device_info_service.o [1]
  .rodata            const    0x00024244     0x10  device_info_service.o [1]
  .rodata            const    0x00024254     0x10  device_info_service.o [1]
  .rodata            const    0x00024264     0x10  device_info_service.o [1]
  .rodata            const    0x00024274     0x10  device_info_service.o [1]
  .rodata            const    0x00024284     0x10  fsl_clock.o [1]
  .rodata            const    0x00024294     0x10  fsl_os_abstraction_free_rtos.o [1]
  .rodata            const    0x000242a4     0x10  hid_service.o [1]
  .rodata            const    0x000242b4     0x10  hid_service.o [1]
  .rodata            const    0x000242c4     0x10  ifr_radio.o [1]
  .rodata            const    0x000242d4     0x10  SecLib.o [1]
  .rodata            const    0x000242e4     0x10  host_version.o [4]
  .VERSION_TAGS      const    0x000242f4      0xc  ModuleInfo.o [1]
  .VERSION_TAGS      const    0x00024300      0xc  host_version.o [4]
  .rodata            const    0x0002430c      0xc  ble_host_tasks.o [1]
  .rodata            const    0x00024318      0xc  DCDC.o [1]
  .rodata            const    0x00024324      0xc  Flash_Adapter.o [1]
  .rodata            const    0x00024330      0xc  fsl_flash.o [1]
  .rodata            const    0x0002433c      0xc  fsl_os_abstraction_free_rtos.o [1]
  .rodata            const    0x00024348      0xc  fsl_tpm.o [1]
  .rodata            const    0x00024354      0xc  fsl_tpm.o [1]
  .rodata            const    0x00024360      0xc  GPIO_Adapter.o [1]
  .rodata            const    0x0002436c      0xc  GPIO_Adapter.o [1]
  .rodata            const    0x00024378      0xc  proximity_reporter.o [1]
  .rodata            const    0x00024384      0xc  TimersManager.o [1]
  .rodata            const    0x00024390      0xc  TMR_Adapter.o [1]
  .rodata            const    0x0002439c      0xc  sm_states.o [4]
  .text              ro code  0x000243a8      0xc  system_MKW41Z4.o [1]
  .text              ro code  0x000243b4      0xc  cstartup_M.o [8]
  .rodata            const    0x000243c0      0x8  board.o [1]
  .rodata            const    0x000243c8      0x8  clock_config.o [1]
  .rodata            const    0x000243d0      0x8  clock_config.o [1]
  .rodata            const    0x000243d8      0x8  clock_config.o [1]
  .rodata            const    0x000243e0      0x8  DCDC.o [1]
  .rodata            const    0x000243e8      0x8  DCDC.o [1]
  .rodata            const    0x000243f0      0x8  DCDC.o [1]
  .rodata            const    0x000243f8      0x8  fsl_adc16.o [1]
  .rodata            const    0x00024400      0x8  fsl_clock.o [1]
  .rodata            const    0x00024408      0x8  fsl_dspi.o [1]
  .rodata            const    0x00024410      0x8  fsl_gpio.o [1]
  .rodata            const    0x00024418      0x8  fsl_tpm.o [1]
  .rodata            const    0x00024420      0x8  fsl_trng.o [1]
  .rodata            const    0x00024428      0x8  GPIO_Adapter.o [1]
  .rodata            const    0x00024430      0x8  proximity_reporter.o [1]
  .rodata            const    0x00024438      0x8  proximity_reporter.o [1]
  .rodata            const    0x00024440      0x8  proximity_reporter.o [1]
  .rodata            const    0x00024448      0x8  tasks.o [1]
  .rodata            const    0x00024450      0x8  timers.o [1]
  .rodata            const    0x00024458      0x8  timers.o [1]
  .text              ro code  0x00024460      0x8  startup_MKW41Z4.o [1]
  .text              ro code  0x00024468      0x8  startup_MKW41Z4.o [1]
  .text              ro code  0x00024470      0x8  startup_MKW41Z4.o [1]
  .text              ro code  0x00024478      0x8  startup_MKW41Z4.o [1]
  .text              ro code  0x00024480      0x8  startup_MKW41Z4.o [1]
  .text              ro code  0x00024488      0x8  startup_MKW41Z4.o [1]
  .text              ro code  0x00024490      0x8  startup_MKW41Z4.o [1]
  .text              ro code  0x00024498      0x8  startup_MKW41Z4.o [1]
  .text              ro code  0x000244a0      0x8  startup_MKW41Z4.o [1]
  .text              ro code  0x000244a8      0x8  startup_MKW41Z4.o [1]
  .rodata            const    0x000244b0      0x4  ble_controller_task.o [1]
  .rodata            const    0x000244b4      0x4  fsl_adc16.o [1]
  .rodata            const    0x000244b8      0x4  fsl_adc16.o [1]
  .rodata            const    0x000244bc      0x4  fsl_flash.o [1]
  .rodata            const    0x000244c0      0x4  fsl_trng.o [1]
  .rodata            const    0x000244c4      0x4  fsl_trng.o [1]
  .rodata            const    0x000244c8      0x4  heap_4.o [1]
  .rodata            const    0x000244cc      0x4  TMR_Adapter.o [1]
  .rodata            const    0x000244d0      0x4  ecdh.o [6]
  Initializer bytes  const    0x000244d4    0x3c2  <for P4 s0>
                            - 0x00024896  0x24486

"P4", part 1 of 2:                          0x6de
  P4 s0                       0x1fff80c0    0x6de  <Init block>
    .data            inited   0x1fff80c0    0x260  gatt_database.o [1]
    .data            inited   0x1fff8320     0x8c  gap.o [4]
    .data            inited   0x1fff83ac     0x44  proximity_reporter.o [1]
    .data            inited   0x1fff83f0     0x38  platform_board_init.o [5]
    .data            inited   0x1fff8428     0x30  gap_cm.o [4]
    .data            inited   0x1fff8458     0x28  fsl_xcvr.o [1]
    .data            inited   0x1fff8480     0x28  fsl_xcvr.o [1]
    .data            inited   0x1fff84a8     0x28  fsl_xcvr.o [1]
    .data            inited   0x1fff84d0     0x28  MemManager.o [1]
    .data            inited   0x1fff84f8     0x28  hci_commands.o [4]
    .data            inited   0x1fff8520     0x20  app_config.o [1]
    .data            inited   0x1fff8540     0x20  ble_controller_task.o [1]
    .data            inited   0x1fff8560     0x20  ble_host_tasks.o [1]
    .data            inited   0x1fff8580     0x20  fsl_os_abstraction_free_rtos.o [1]
    .data            inited   0x1fff85a0     0x20  TimersManager.o [1]
    .data            inited   0x1fff85c0     0x1c  gpio_pins.o [1]
    .data            inited   0x1fff85dc     0x14  sm_debug.o [4]
    .data            inited   0x1fff85f0     0x10  app_config.o [1]
    .data            inited   0x1fff8600     0x10  app_config.o [1]
    .data            inited   0x1fff8610     0x10  app_config.o [1]
    .data            inited   0x1fff8620     0x10  app_config.o [1]
    .data            inited   0x1fff8630     0x10  gatt_database.o [1]
    .data            inited   0x1fff8640     0x10  gatt_database.o [1]
    .data            inited   0x1fff8650      0xc  gatt_database.o [1]
    .data            inited   0x1fff865c      0xc  gatt_database.o [1]
    .data            inited   0x1fff8668      0xc  TMR_Adapter.o [1]
    .data            inited   0x1fff8674      0x8  app_config.o [1]
    .data            inited   0x1fff867c      0x8  app_config.o [1]
    .data            inited   0x1fff8684      0x8  gatt_database.o [1]
    .data            inited   0x1fff868c      0x8  gatt_database.o [1]
    .data            inited   0x1fff8694      0x8  gatt_database.o [1]
    .data            inited   0x1fff869c      0x8  gatt_database.o [1]
    .data            inited   0x1fff86a4      0x8  gatt_database.o [1]
    .data            inited   0x1fff86ac      0x8  gatt_database.o [1]
    .data            inited   0x1fff86b4      0x8  gatt_database.o [1]
    .data            inited   0x1fff86bc      0x8  gatt_database.o [1]
    .data            inited   0x1fff86c4      0x8  gatt_database.o [1]
    .data            inited   0x1fff86cc      0x8  gatt_database.o [1]
    .data            inited   0x1fff86d4      0x8  gatt_database.o [1]
    .data            inited   0x1fff86dc      0x8  gatt_database.o [1]
    .data            inited   0x1fff86e4      0x8  gatt_database.o [1]
    .data            inited   0x1fff86ec      0x8  gatt_database.o [1]
    .data            inited   0x1fff86f4      0x8  gatt_database.o [1]
    .data            inited   0x1fff86fc      0x8  gatt_database.o [1]
    .data            inited   0x1fff8704      0x8  gatt_database.o [1]
    .data            inited   0x1fff870c      0x8  gatt_database.o [1]
    .data            inited   0x1fff8714      0x8  gatt_database.o [1]
    .data            inited   0x1fff871c      0x8  gatt_database.o [1]
    .data            inited   0x1fff8724      0x8  gatt_database.o [1]
    .data            inited   0x1fff872c      0x8  gpio_pins.o [1]
    .data            inited   0x1fff8734      0x8  proximity_reporter.o [1]
    .data            inited   0x1fff873c      0x4  fsl_clock.o [1]
    .data            inited   0x1fff8740      0x4  fsl_clock.o [1]
    .data            inited   0x1fff8744      0x4  gatt_database.o [1]
    .data            inited   0x1fff8748      0x4  gatt_database.o [1]
    .data            inited   0x1fff874c      0x4  GPIO_Adapter.o [1]
    .data            inited   0x1fff8750      0x4  ModuleInfo.o [1]
    .data            inited   0x1fff8754      0x4  port.o [1]
    .data            inited   0x1fff8758      0x4  proximity_reporter.o [1]
    .data            inited   0x1fff875c      0x4  RNG.o [1]
    .data            inited   0x1fff8760      0x4  system_MKW41Z4.o [1]
    .data            inited   0x1fff8764      0x4  TimersManager.o [1]
    .data            inited   0x1fff8768      0x4  host_version.o [4]
    .data            inited   0x1fff876c      0x4  SW_RNG.o [6]
    .data            inited   0x1fff8770      0x4  gap.o [4]
    .data            inited   0x1fff8774      0x4  platform_rf_driver.o [5]
    .data            inited   0x1fff8778      0x3  platform_board_init.o [5]
    .data            inited   0x1fff877b      0x1  ble_globals.o [1]
    .data            inited   0x1fff877c      0x2  ble_globals.o [1]
    .data            inited   0x1fff877e      0x2  ble_globals.o [1]
    .data            inited   0x1fff8780      0x2  ble_globals.o [1]
    .data            inited   0x1fff8782      0x2  ble_globals.o [1]
    .data            inited   0x1fff8784      0x2  fsl_xcvr.o [1]
    .data            inited   0x1fff8786      0x2  fsl_xcvr.o [1]
    .data            inited   0x1fff8788      0x2  gatt_database.o [1]
    .data            inited   0x1fff878a      0x2  gatt_database.o [1]
    .data            inited   0x1fff878c      0x2  gatt_database.o [1]
    .data            inited   0x1fff878e      0x2  gatt_database.o [1]
    .data            inited   0x1fff8790      0x2  gatt_database.o [1]
    .data            inited   0x1fff8792      0x2  gatt_database.o [1]
    .data            inited   0x1fff8794      0x2  proximity_reporter.o [1]
    .data            inited   0x1fff8796      0x1  ble_globals.o [1]
    .data            inited   0x1fff8797      0x1  gatt_database.o [1]
    .data            inited   0x1fff8798      0x1  Keyboard.o [1]
    .data            inited   0x1fff8799      0x1  LED.o [1]
    .data            inited   0x1fff879a      0x1  LED.o [1]
    .data            inited   0x1fff879b      0x1  proximity_reporter.o [1]
    .data            inited   0x1fff879c      0x1  gap.o [4]
    .data            inited   0x1fff879d      0x1  gap.o [4]
                            - 0x1fff879e    0x6de

"P4", part 2 of 2:                         0x4dbc
  .bss               zero     0x1fff87a0   0x1f40  heap_4.o [1]
  .bss               zero     0x1fffa6e0    0xc90  MemManager.o [1]
  .bss               zero     0x1fffb370    0x6c0  ApplMain.o [1]
  .bss               zero     0x1fffba30    0x440  device_db.o [4]
  .bss               zero     0x1fffbe70    0x288  ll.o [5]
  .bss               zero     0x1fffc0f8    0x1ec  ll_tasks.o [5]
  .bss               zero     0x1fffc2e4    0x168  tasks.o [1]
  .bss               zero     0x1fffc44c     0x7c  l2ca_resource_manager.o [4]
  .bss               zero     0x1fffc4c8    0x120  TimersManager.o [1]
  .bss               zero     0x1fffc5e8    0x110  gap_cm.o [4]
  .bss               zero     0x1fffc6f8     0xf8  att.o [4]
  .bss               zero     0x1fffc7f0     0xf8  gap_cm.o [4]
  .bss               zero     0x1fffc8e8     0xf8  att_cb.o [4]
  .bss               zero     0x1fffc9e0     0xe0  ble_globals.o [1]
  .bss               zero     0x1fffcac0     0xd8  device_db.o [4]
  .bss               zero     0x1fffcb98     0xc8  fsl_xcvr_trim.o [1]
  .bss               zero     0x1fffcc60     0xac  ll.o [5]
  .bss               zero     0x1fffcd0c     0x90  sm_core.o [4]
  .bss               zero     0x1fffcd9c     0x8c  hci_td_api.o [5]
  .bss               zero     0x1fffce28     0x5c  ble_globals.o [1]
  .bss               zero     0x1fffce84     0x50  MemManager.o [1]
  .bss               zero     0x1fffced4     0x4c  Flash_Adapter.o [1]
  .bss               zero     0x1fffcf20     0x44  ll_utils.o [5]
  .bss               zero     0x1fffcf64     0x40  fsl_flash.o [1]
  .bss               zero     0x1fffcfa4     0x40  fsl_flash.o [1]
  .bss               zero     0x1fffcfe4     0x40  queue.o [1]
  .bss               zero     0x1fffd024     0x40  lec_hci_le.o [5]
  .bss               zero     0x1fffd064     0x3c  fsl_os_abstraction_free_rtos.o [1]
  .bss               zero     0x1fffd0a0     0x3c  GPIO_Adapter.o [1]
  .bss               zero     0x1fffd0dc     0x34  Flash_Adapter.o [1]
  .bss               zero     0x1fffd110     0x34  att_cb.o [4]
  .bss               zero     0x1fffd144     0x30  ll_advertiser.o [5]
  .bss               zero     0x1fffd174     0x24  gap.o [4]
  .bss               zero     0x1fffd198     0x20  fsl_os_abstraction_free_rtos.o [1]
  .bss               zero     0x1fffd1b8     0x20  RNG.o [1]
  .bss               zero     0x1fffd1d8     0x1d  bt_le_bluetooth.o [5]
  .bss               zero     0x1fffd1f6      0x2  fsl_xcvr.o [1]
  .bss               zero     0x1fffd1f8     0x18  device_db.o [4]
  .bss               zero     0x1fffd210     0x14  ble_globals.o [1]
  .bss               zero     0x1fffd224     0x14  ble_globals.o [1]
  .bss               zero     0x1fffd238     0x14  tasks.o [1]
  .bss               zero     0x1fffd24c     0x14  tasks.o [1]
  .bss               zero     0x1fffd260     0x14  tasks.o [1]
  .bss               zero     0x1fffd274     0x14  tasks.o [1]
  .bss               zero     0x1fffd288     0x14  tasks.o [1]
  .bss               zero     0x1fffd29c     0x14  timers.o [1]
  .bss               zero     0x1fffd2b0     0x14  timers.o [1]
  .bss               zero     0x1fffd2c4     0x10  fsl_debug_console.o [1]
  .bss               zero     0x1fffd2d4     0x10  Keyboard.o [1]
  .bss               zero     0x1fffd2e4     0x10  gap.o [4]
  .bss               zero     0x1fffd2f4     0x10  gap.o [4]
  .bss               zero     0x1fffd304     0x10  gatt_server.o [4]
  .bss               zero     0x1fffd314      0xc  ApplMain.o [1]
  .bss               zero     0x1fffd320      0xc  ApplMain.o [1]
  .bss               zero     0x1fffd32c      0xc  ble_host_tasks.o [1]
  .bss               zero     0x1fffd338      0xc  ble_host_tasks.o [1]
  .bss               zero     0x1fffd344      0xc  board.o [1]
  .bss               zero     0x1fffd350      0xc  fsl_flash.o [1]
  .bss               zero     0x1fffd35c      0xc  TimersManager.o [1]
  .bss               zero     0x1fffd368      0xc  bt_le_bluetooth.o [5]
  .bss               zero     0x1fffd374      0xc  hci_commands.o [4]
  .bss               zero     0x1fffd380      0xc  att.o [4]
  .bss               zero     0x1fffd38c      0xc  gap_hci_cb.o [4]
  .bss               zero     0x1fffd398      0xc  ll_advertiser.o [5]
  .bss               zero     0x1fffd3a4      0xa  platform_power_save.o [5]
  .bss               zero     0x1fffd3ae      0x2  fsl_xcvr_trim.o [1]
  .bss               zero     0x1fffd3b0      0x8  app_config.o [1]
  .bss               zero     0x1fffd3b8      0x8  ble_conn_manager.o [1]
  .bss               zero     0x1fffd3c0      0x8  ble_controller_task.o [1]
  .bss               zero     0x1fffd3c8      0x8  DCDC.o [1]
  .bss               zero     0x1fffd3d0      0x8  DCDC.o [1]
  .bss               zero     0x1fffd3d8      0x8  fsl_dspi.o [1]
  .bss               zero     0x1fffd3e0      0x8  fsl_i2c.o [1]
  .bss               zero     0x1fffd3e8      0x8  heap_4.o [1]
  .bss               zero     0x1fffd3f0      0x8  l2ca_resource_manager.o [4]
  .bss               zero     0x1fffd3f8      0x8  gap.o [4]
  .bss               zero     0x1fffd400      0x4  ApplMain.o [1]
  .bss               zero     0x1fffd404      0x4  ApplMain.o [1]
  .bss               zero     0x1fffd408      0x4  ApplMain.o [1]
  .bss               zero     0x1fffd40c      0x4  ApplMain.o [1]
  .bss               zero     0x1fffd410      0x4  ApplMain.o [1]
  .bss               zero     0x1fffd414      0x4  ApplMain.o [1]
  .bss               zero     0x1fffd418      0x4  ApplMain.o [1]
  .bss               zero     0x1fffd41c      0x4  ApplMain.o [1]
  .bss               zero     0x1fffd420      0x4  ApplMain.o [1]
  .bss               zero     0x1fffd424      0x4  ApplMain.o [1]
  .bss               zero     0x1fffd428      0x4  ApplMain.o [1]
  .bss               zero     0x1fffd42c      0x4  ble_controller_task.o [1]
  .bss               zero     0x1fffd430      0x4  ble_controller_task.o [1]
  .bss               zero     0x1fffd434      0x4  ble_host_tasks.o [1]
  .bss               zero     0x1fffd438      0x4  ble_host_tasks.o [1]
  .bss               zero     0x1fffd43c      0x4  board.o [1]
  .bss               zero     0x1fffd440      0x4  DCDC.o [1]
  .bss               zero     0x1fffd444      0x4  Flash_Adapter.o [1]
  .bss               zero     0x1fffd448      0x4  fsl_clock.o [1]
  .bss               zero     0x1fffd44c      0x4  fsl_clock.o [1]
  .bss               zero     0x1fffd450      0x4  fsl_dspi.o [1]
  .bss               zero     0x1fffd454      0x4  fsl_dspi.o [1]
  .bss               zero     0x1fffd458      0x4  fsl_flash.o [1]
  .bss               zero     0x1fffd45c      0x4  fsl_flash.o [1]
  .bss               zero     0x1fffd460      0x4  fsl_i2c.o [1]
  .bss               zero     0x1fffd464      0x4  fsl_i2c.o [1]
  .bss               zero     0x1fffd468      0x4  fsl_lpuart.o [1]
  .bss               zero     0x1fffd46c      0x4  fsl_lpuart.o [1]
  .bss               zero     0x1fffd470      0x4  fsl_os_abstraction_free_rtos.o [1]
  .bss               zero     0x1fffd474      0x4  fsl_xcvr.o [1]
  .bss               zero     0x1fffd478      0x4  fsl_xcvr_trim.o [1]
  .bss               zero     0x1fffd47c      0x4  fsl_xcvr_trim.o [1]
  .bss               zero     0x1fffd480      0x4  fsl_xcvr_trim.o [1]
  .bss               zero     0x1fffd484      0x4  gatt_database.o [1]
  .bss               zero     0x1fffd488      0x4  heap_4.o [1]
  .bss               zero     0x1fffd48c      0x4  heap_4.o [1]
  .bss               zero     0x1fffd490      0x4  heap_4.o [1]
  .bss               zero     0x1fffd494      0x4  heap_4.o [1]
  .bss               zero     0x1fffd498      0x4  ifr_radio.o [1]
  .bss               zero     0x1fffd49c      0x4  Keyboard.o [1]
  .bss               zero     0x1fffd4a0      0x4  Keyboard.o [1]
  .bss               zero     0x1fffd4a4      0x4  Keyboard.o [1]
  .bss               zero     0x1fffd4a8      0x4  LED.o [1]
  .bss               zero     0x1fffd4ac      0x4  SecLib.o [1]
  .bss               zero     0x1fffd4b0      0x4  tasks.o [1]
  .bss               zero     0x1fffd4b4      0x4  tasks.o [1]
  .bss               zero     0x1fffd4b8      0x4  tasks.o [1]
  .bss               zero     0x1fffd4bc      0x4  tasks.o [1]
  .bss               zero     0x1fffd4c0      0x4  tasks.o [1]
  .bss               zero     0x1fffd4c4      0x4  tasks.o [1]
  .bss               zero     0x1fffd4c8      0x4  tasks.o [1]
  .bss               zero     0x1fffd4cc      0x4  tasks.o [1]
  .bss               zero     0x1fffd4d0      0x4  tasks.o [1]
  .bss               zero     0x1fffd4d4      0x4  tasks.o [1]
  .bss               zero     0x1fffd4d8      0x4  tasks.o [1]
  .bss               zero     0x1fffd4dc      0x4  tasks.o [1]
  .bss               zero     0x1fffd4e0      0x4  tasks.o [1]
  .bss               zero     0x1fffd4e4      0x4  tasks.o [1]
  .bss               zero     0x1fffd4e8      0x4  tasks.o [1]
  .bss               zero     0x1fffd4ec      0x4  timers.o [1]
  .bss               zero     0x1fffd4f0      0x4  timers.o [1]
  .bss               zero     0x1fffd4f4      0x4  timers.o [1]
  .bss               zero     0x1fffd4f8      0x4  timers.o [1]
  .bss               zero     0x1fffd4fc      0x4  timers.o [1]
  .bss               zero     0x1fffd500      0x4  TimersManager.o [1]
  .bss               zero     0x1fffd504      0x4  TimersManager.o [1]
  .bss               zero     0x1fffd508      0x4  TimersManager.o [1]
  .bss               zero     0x1fffd50c      0x4  platform_board_init.o [5]
  .bss               zero     0x1fffd510      0x4  bt_le_bluetooth.o [5]
  .bss               zero     0x1fffd514      0x4  SW_SHA256.o [6]
  .bss               zero     0x1fffd518      0x4  llh_api.o [5]
  .bss               zero     0x1fffd51c      0x4  att_cb.o [4]
  .bss               zero     0x1fffd520      0x2  fsl_xcvr_trim.o [1]
  .bss               zero     0x1fffd522      0x2  fsl_xcvr_trim.o [1]
  .bss               zero     0x1fffd524      0x2  gatt_database.o [1]
  .bss               zero     0x1fffd526      0x2  gatt_database.o [1]
  .bss               zero     0x1fffd528      0x2  gatt_database.o [1]
  .bss               zero     0x1fffd52a      0x2  gatt_database.o [1]
  .bss               zero     0x1fffd52c      0x2  GPIO_Adapter.o [1]
  .bss               zero     0x1fffd52e      0x2  MemManager.o [1]
  .bss               zero     0x1fffd530      0x2  proximity_reporter.o [1]
  .bss               zero     0x1fffd532      0x2  TimersManager.o [1]
  .bss               zero     0x1fffd534      0x2  TimersManager.o [1]
  .bss               zero     0x1fffd536      0x2  TimersManager.o [1]
  .bss               zero     0x1fffd538      0x2  ll_scanner.o [5]
  .bss               zero     0x1fffd53a      0x1  ApplMain.o [1]
  .bss               zero     0x1fffd53b      0x1  battery_service.o [1]
  .bss               zero     0x1fffd53c      0x1  ble_globals.o [1]
  .bss               zero     0x1fffd53d      0x1  board.o [1]
  .bss               zero     0x1fffd53e      0x1  DCDC.o [1]
  .bss               zero     0x1fffd53f      0x1  Flash_Adapter.o [1]
  .bss               zero     0x1fffd540      0x1  Flash_Adapter.o [1]
  .bss               zero     0x1fffd541      0x1  Flash_Adapter.o [1]
  .bss               zero     0x1fffd542      0x1  gatt_database.o [1]
  .bss               zero     0x1fffd543      0x1  gatt_database.o [1]
  .bss               zero     0x1fffd544      0x1  hid_service.o [1]
  .bss               zero     0x1fffd545      0x1  Keyboard.o [1]
  .bss               zero     0x1fffd546      0x1  Keyboard.o [1]
  .bss               zero     0x1fffd547      0x1  LED.o [1]
  .bss               zero     0x1fffd548      0x1  LED.o [1]
  .bss               zero     0x1fffd549      0x1  proximity_reporter.o [1]
  .bss               zero     0x1fffd54a      0x1  proximity_reporter.o [1]
  .bss               zero     0x1fffd54b      0x1  proximity_reporter.o [1]
  .bss               zero     0x1fffd54c      0x1  RNG.o [1]
  .bss               zero     0x1fffd54d      0x1  TimersManager.o [1]
  .bss               zero     0x1fffd54e      0x1  TimersManager.o [1]
  .bss               zero     0x1fffd54f      0x1  TimersManager.o [1]
  .bss               zero     0x1fffd550      0x1  TimersManager.o [1]
  .bss               zero     0x1fffd551      0x1  TimersManager.o [1]
  .bss               zero     0x1fffd552      0x1  gap.o [4]
  .bss               zero     0x1fffd553      0x1  gap.o [4]
  .bss               zero     0x1fffd554      0x1  gap.o [4]
  .bss               zero     0x1fffd555      0x1  gatt_server.o [4]
  .bss               zero     0x1fffd556      0x1  platform_abs.o [5]
  .bss               zero     0x1fffd557      0x1  ll.o [5]
  .bss               zero     0x1fffd558      0x1  ll.o [5]
  .bss               zero     0x1fffd559      0x1  l2ca_main.o [4]
                            - 0x1fffd55a   0x4dba

"P6":                                       0x180
  CSTACK                      0x20017e80    0x180  <Block>
    CSTACK           uninit   0x20017e80    0x180  <Block tail>
                            - 0x20018000    0x180


*******************************************************************************
*** INIT TABLE
***

          Address     Size
          -------     ----
Zero (__iar_zero_init3)
    1 destination range, total size 0x4dba:
          0x1fff87a0  0x4dba

Copy/lz77 (__iar_lz77_init3)
    1 source range, total size 0x3c2 (54% of destination):
          0x000244d4   0x3c2
    1 destination range, total size 0x6de:
          0x1fff80c0   0x6de



*******************************************************************************
*** MODULE SUMMARY
***

    Module                                ro code  ro data  rw data
    ------                                -------  -------  -------
C:\dp_repos\SDK_2.2_FRDM-KW41Z\boards\frdmkw41z\wireless_examples\bluetooth\BLE Light\freertos\iar\debug\obj: [1]
    ApplMain.o                              1 682             1 797
    DCDC.o                                  2 120      204       21
    Flash_Adapter.o                           768       12      135
    FunctionLib.o                              98
    GPIO_Adapter.o                          1 660      198       66
    GenericList.o                             230
    Keyboard.o                                776        1       31
    LED.o                                     736        1        8
    MWS.o                                      22
    MemManager.o                              340       21    3 338
    Messaging.o                                56
    ModuleInfo.o                                        46        4
    Panic.o                                     2
    RNG.o                                     524        3       37
    SecLib.o                                1 592       16        4
    TMR_Adapter.o                             452       22       12
    TimersManager.o                         2 028       32      359
    app_config.o                                       105      120
    battery_service.o                         192       16        1
    ble_conn_manager.o                        408                 8
    ble_controller_task.o                     500       43       48
    ble_globals.o                                        6      367
    ble_host_tasks.o                          124       30       64
    ble_init.o                                104
    board.o                                   916      198       17
    clock_config.o                            580       24
    device_info_service.o                     896      144
    event_groups.o                            556
    fsl_adc16.o                               836       84
    fsl_clock.o                             1 194       96       16
    fsl_common.o                              160       44
    fsl_debug_console.o                       896                16
    fsl_dspi.o                                156       76       16
    fsl_flash.o                               972       76      148
    fsl_gpio.o                                100       76
    fsl_i2c.o                                  96                16
    fsl_lpuart.o                               28                 8
    fsl_ltc.o                               2 936
    fsl_os_abstraction_free_rtos.o            902       46      128
    fsl_pmc.o                                   6
    fsl_tickless_systick.o                     52
    fsl_tpm.o                                 566      100
    fsl_trng.o                              1 578       84
    fsl_xcvr.o                              3 326    1 116      130
    fsl_xcvr_ant_config.o                              176
    fsl_xcvr_ble_config.o                              176
    fsl_xcvr_common_config.o                           572
    fsl_xcvr_gfsk_bt_0p3_h_0p5_config.o                384
    fsl_xcvr_gfsk_bt_0p5_h_0p32_config.o               384
    fsl_xcvr_gfsk_bt_0p5_h_0p5_config.o                384
    fsl_xcvr_gfsk_bt_0p5_h_0p7_config.o                384
    fsl_xcvr_gfsk_bt_0p5_h_1p0_config.o                384
    fsl_xcvr_gfsk_bt_0p7_h_0p5_config.o                384
    fsl_xcvr_mode_datarate_config.o                    192
    fsl_xcvr_msk_config.o                              384
    fsl_xcvr_trim.o                         3 644       29      218
    fsl_xcvr_zgbe_config.o                             240
    gatt_database.o                           140      467      867
    gpio_pins.o                                         19       36
    heap_4.o                                  572        4    8 024
    hid_service.o                             280       32        1
    ifr_radio.o                               552       16        4
    list.o                                    156
    pin_mux.o                                 188
    port.o                                    228        2        4
    portasm.o                                 124
    proximity_reporter.o                      900       81       88
    queue.o                                 1 744                64
    startup_MKW41Z4.o                         330
    system_MKW41Z4.o                           12        2        4
    tasks.o                                 2 444        8      520
    timers.o                                1 040       16       60
    ---------------------------------------------------------------
    Total:                                 43 520    7 640   16 805

command line: [2]
    ---------------------------------------------------------------
    Total:

dl6M_tln.a: [3]
    abort.o                                    10
    exit.o                                      8
    low_level_init.o                            4
    ---------------------------------------------------------------
    Total:                                     22

lib_ble_4-2_host_peripheral_cm0p.a: [4]
    att.o                                   1 084               260
    att_cb.o                                1 048               304
    device_db.o                             2 052             1 328
    gap.o                                   4 628       81      225
    gap_api2msg.o                             948
    gap_cm.o                                  988       26      568
    gap_hci_cb.o                            2 958                12
    gap_sm_cb.o                             1 144
    gatt.o                                     22
    gatt_api2msg.o                            124
    gatt_db_app.o                             536
    gatt_db_att.o                           3 076
    gatt_server.o                           2 376                17
    hci_commands.o                          4 436       22       52
    host_hl_task.o                          1 096
    host_version.o                                      30        4
    l2ca_main.o                               372                 1
    l2ca_resource_manager.o                 1 860               132
    l2ca_signaling.o                        2 816
    sm_core.o                               1 544               144
    sm_crypto.o                             1 132
    sm_debug.o                                 48       11       20
    sm_packet_op.o                          1 276
    sm_states.o                             9 536       12
    sm_states_hci.o                           484
    sm_states_tb.o                            648
    ---------------------------------------------------------------
    Total:                                 46 232      182    3 067

lib_ble_kw41z_controller.a: [5]
    bt_fw_os_al.o                             290
    bt_le_bluetooth.o                         216                45
    hci_td.o                                  544
    hci_td_api.o                               78               140
    lec_hci_br_edr_commands.o                 920
    lec_hci_le.o                              452                64
    lec_hci_le_adv_commands.o                  32
    lec_hci_le_commands.o                   1 424
    lec_hci_le_common_commands.o              620
    lec_hci_le_conn_commands.o              1 292
    lec_hci_le_encryption_commands.o           76
    lec_hci_le_scan_commands.o                 30
    lec_hci_le_utils.o                        170
    lec_hci_le_vendor_commands.o              404
    lec_hci_param_converter.o                 832
    lec_hci_param_validation.o              1 128
    ll.o                                    2 396               822
    ll_advertiser.o                           908                60
    ll_connection.o                        12 108
    ll_isr.o                                   50
    ll_pdu.o                                4 990
    ll_policies.o                           2 708
    ll_scanner.o                            1 000                 2
    ll_tasks.o                                864               492
    ll_utils.o                              1 074                68
    llf_task.o                                104
    llh_api.o                               4 576                 4
    llh_utils.o                               142
    platform_abs.o                              2                 1
    platform_board_init.o                     434       32       63
    platform_llh_interface.o                  184
    platform_power_save.o                     160                10
    platform_rf_driver.o                      716        2        4
    platform_vendor_cmds.o                  1 364
    ---------------------------------------------------------------
    Total:                                 42 288       34    1 775

lib_crypto_m0.a: [6]
    SW_RNG.o                                   56        2        4
    SW_SHA256.o                             1 060                 4
    big_integer.o                             788
    ec_p_256.o                              4 284      128
    ecdh.o                                    214        4
    ---------------------------------------------------------------
    Total:                                  6 402      134        8

m6M_tl.a: [7]
    FltAddSub.o                               288
    FltCmpLe.o                                 38
    FltDiv.o                                  170
    FltMul.o                                  176
    FltToS32.o                                 58
    FltToU32.o                                 38
    IxxToFlt.o                                 54
    round32.o                                 152
    ---------------------------------------------------------------
    Total:                                    974

rt6M_tl.a: [8]
    ABImemcpy.o                                92
    ABImemset.o                                84
    I32DivModFast.o                           224
    I64DivMod.o                               106
    I64DivZer.o                                 2
    I64Mul.o                                   50
    IntDivZer.o                                 2
    U64Shr.o                                   30
    cexit.o                                    10
    cmain.o                                    30
    cstartup_M.o                               12
    data_init.o                                40
    lz77_init.o                               484
    strlen.o                                   16
    uread4.o                                   22
    uwrite4.o                                  20
    zero_init3.o                               60
    ---------------------------------------------------------------
    Total:                                  1 284

shb_l.a: [9]
    exit.o                                     20
    ---------------------------------------------------------------
    Total:                                     20

    Gaps                                       41        4        1
    Linker created                                      45      384
-------------------------------------------------------------------
    Grand Total:                          140 783    8 039   22 040


*******************************************************************************
*** ENTRY LIST
***

Entry                      Address    Size  Type      Object
-----                      -------    ----  ----      ------
.iar.init_table$$Base   0x00024068           --   Gb  - Linker created -
.iar.init_table$$Limit  0x00024094           --   Gb  - Linker created -
?main                   0x000240f5          Code  Gb  cmain.o [8]
ADC16_BatLvl            0x0000c8cd    0x14  Code  Lc  board.o [1]
ADC16_BgLvl             0x0000c8e5    0x14  Code  Lc  board.o [1]
ADC16_CalibrateParams   0x0000c8b5    0x14  Code  Lc  board.o [1]
ADC16_DoAutoCalibration
                        0x000128d9    0xba  Code  Gb  fsl_adc16.o [1]
ADC16_EnableHardwareTrigger
                        0x00012aef    0x1e  Code  Lc  DCDC.o [1]
ADC16_GetChannelConversionValue
                        0x0000c69b    0x24  Code  Lc  board.o [1]
ADC16_GetChannelConversionValue
                        0x00012b0d    0x24  Code  Lc  DCDC.o [1]
ADC16_GetChannelStatusFlags
                        0x00012aa1    0x2e  Code  Gb  fsl_adc16.o [1]
ADC16_GetDefaultConfig  0x00012893    0x3c  Code  Gb  fsl_adc16.o [1]
ADC16_GetInstance       0x000127ab    0x30  Code  Lc  fsl_adc16.o [1]
ADC16_GetStatusFlags    0x00012a25    0x20  Code  Gb  fsl_adc16.o [1]
ADC16_Init              0x000127db    0xb8  Code  Gb  fsl_adc16.o [1]
ADC16_ReadValue         0x0000c911    0x4a  Code  Lc  board.o [1]
ADC16_SetChannelConfig  0x00012a45    0x56  Code  Gb  fsl_adc16.o [1]
ADC16_SetChannelMuxMode
                        0x00012993    0x1e  Code  Gb  fsl_adc16.o [1]
ADC16_SetHardwareAverage
                        0x00012a01    0x24  Code  Gb  fsl_adc16.o [1]
ADC16_SetHardwareCompareConfig
                        0x000129b1    0x50  Code  Gb  fsl_adc16.o [1]
AES_128_CCM             0x0000957b    0x96  Code  Gb  SecLib.o [1]
AES_128_CMAC            0x00009361   0x102  Code  Gb  SecLib.o [1]
AES_128_CMAC_Generate_Subkey
                        0x0000962d    0x80  Code  Lc  SecLib.o [1]
AES_128_CMAC_LsbFirstInput
                        0x00009463   0x118  Code  Gb  SecLib.o [1]
AES_128_Encrypt         0x00009325    0x30  Code  Gb  SecLib.o [1]
AdvertisingTimerCallback
                        0x00010b25    0x1e  Code  Lc  proximity_reporter.o [1]
App_AdvertisingCallback
                        0x0000b123    0x36  Code  Lc  ApplMain.o [1]
App_ConnectionCallback  0x0000b009   0x11a  Code  Lc  ApplMain.o [1]
App_GattServerCallback  0x0000b16d    0x70  Code  Lc  ApplMain.o [1]
App_GenericCallback     0x0000afd1    0x38  Code  Lc  ApplMain.o [1]
App_HandleHostMessageInput
                        0x0000aec3   0x10e  Code  Lc  ApplMain.o [1]
App_KeyboardCallBack    0x0000aeb5     0xe  Code  Lc  ApplMain.o [1]
App_NvmRead             0x0000ade1    0xb4  Code  Gb  ApplMain.o [1]
App_NvmWrite            0x0000ad0d    0xc4  Code  Gb  ApplMain.o [1]
App_RegisterGattServerCallback
                        0x0000ace7    0x10  Code  Gb  ApplMain.o [1]
App_StartAdvertising    0x0000accf    0x18  Code  Gb  ApplMain.o [1]
App_Thread              0x0000ac4b    0x84  Code  Lc  ApplMain.o [1]
AttServer_SendErrorResponse
                        0x0001c3a1     0xc  Code  Gb  att.o [4]
AttServer_SendExchangeMtuResponse
                        0x0001c3ad     0xc  Code  Gb  att.o [4]
AttServer_SendFindByTypeValueResponse
                        0x0001c3c5     0xc  Code  Gb  att.o [4]
AttServer_SendFindInformationResponse
                        0x0001c3b9     0xc  Code  Gb  att.o [4]
AttServer_SendHandleValueIndication
                        0x0001c425     0xc  Code  Gb  att.o [4]
AttServer_SendHandleValueNotification
                        0x0001c419     0xc  Code  Gb  att.o [4]
AttServer_SendReadBlobResponse
                        0x0001c3e9     0xc  Code  Gb  att.o [4]
AttServer_SendReadByGroupTypeResponse
                        0x0001c401     0xc  Code  Gb  att.o [4]
AttServer_SendReadByTypeResponse
                        0x0001c3d1     0xc  Code  Gb  att.o [4]
AttServer_SendReadMultipleResponse
                        0x0001c3f5     0xc  Code  Gb  att.o [4]
AttServer_SendReadResponse
                        0x0001c3dd     0xc  Code  Gb  att.o [4]
AttServer_SendWriteResponse
                        0x0001c40d     0xc  Code  Gb  att.o [4]
Att_GetMtu              0x0001c37d    0x20  Code  Gb  att.o [4]
Att_Init                0x0001c2f1    0x10  Code  Gb  att.o [4]
Att_NotifyConnection    0x0001c301    0x30  Code  Gb  att.o [4]
Att_NotifyDisconnection
                        0x0001c331    0x28  Code  Gb  att.o [4]
Att_RegisterOpcodeCallback
                        0x0001c72d    0x6c  Code  Gb  att_cb.o [4]
Att_RegisterTimeoutCallback
                        0x0001c7a1     0x8  Code  Gb  att_cb.o [4]
Att_RegisterUnsupportedOpcodeCallback
                        0x0001c799     0x8  Code  Gb  att_cb.o [4]
Att_SetMtu              0x0001c359    0x24  Code  Gb  att.o [4]
BASE_UUID               0x0001c2e0    0x10  Data  Lc  gatt_db_att.o [4]
BLE_HOST_VERSION        0x00024300     0xc  Data  Gb  host_version.o [4]
BLE_SignalFromISRCallback
                        0x0000b1f9     0x2  Code  Lc  ApplMain.o [1]
BLOCK_1_IFR             0x000242c4    0x10  Data  Gb  ifr_radio.o [1]
BOARD_BootClockRUN      0x00011d2d    0x5c  Code  Gb  clock_config.o [1]
BOARD_DCDCInit          0x0000c865     0xa  Code  Gb  board.o [1]
BOARD_GetBatteryLevel   0x0000c81b    0x4a  Code  Gb  board.o [1]
BOARD_GetMCUUid         0x0000c875    0x3a  Code  Gb  board.o [1]
BOARD_GetTpmClock       0x0000c9bd    0x32  Code  Gb  board.o [1]
BOARD_InitAdc           0x0000c7ed    0x2e  Code  Gb  board.o [1]
BOARD_InitButtons       0x00015f13    0x1e  Code  Gb  pin_mux.o [1]
BOARD_InitLEDs          0x00015f31    0x48  Code  Gb  pin_mux.o [1]
BOARD_InitOsc0          0x00011d13    0x1a  Code  Gb  clock_config.o [1]
BOARD_RfOscInit         0x00011c9b    0x78  Code  Gb  clock_config.o [1]
Bas_RecordBatteryMeasurement
                        0x00016155    0x58  Code  Gb  battery_service.o [1]
Bas_SendNotifications   0x000161ad    0x3c  Code  Lc  battery_service.o [1]
Bas_Start               0x00016131    0x10  Code  Gb  battery_service.o [1]
Bas_Subscribe           0x00016141     0xa  Code  Gb  battery_service.o [1]
Bas_Unsubscribe         0x0001614b     0xa  Code  Gb  battery_service.o [1]
BatteryMeasurementTimerCallback
                        0x00010b9b    0x1a  Code  Lc  proximity_reporter.o [1]
Bi_Add                  0x000148a9    0xae  Code  Gb  big_integer.o [6]
Bi_Compare              0x00014b8b    0x32  Code  Gb  big_integer.o [6]
Bi_Copy                 0x00014b1f    0x3e  Code  Gb  big_integer.o [6]
Bi_IsOne                0x00014a81    0x34  Code  Gb  big_integer.o [6]
Bi_IsZero               0x00014a31    0x50  Code  Gb  big_integer.o [6]
Bi_RightShift           0x00014ab5    0x6a  Code  Gb  big_integer.o [6]
Bi_SetZero              0x00014b5d    0x2e  Code  Gb  big_integer.o [6]
Bi_Sub                  0x00014957    0xda  Code  Gb  big_integer.o [6]
BleApp_Advertise        0x00010985    0x64  Code  Lc  proximity_reporter.o [1]
BleApp_AdvertisingCallback
                        0x000109e9    0x60  Code  Lc  proximity_reporter.o [1]
BleApp_Config           0x00010927    0x5e  Code  Lc  proximity_reporter.o [1]
BleApp_ConnectionCallback
                        0x00010a49    0xa0  Code  Lc  proximity_reporter.o [1]
BleApp_GattServerCallback
                        0x00010ae9    0x3c  Code  Lc  proximity_reporter.o [1]
BleApp_GenericCallback  0x000108ff    0x28  Code  Gb  proximity_reporter.o [1]
BleApp_HandleKeys       0x000108d3    0x2c  Code  Gb  proximity_reporter.o [1]
BleApp_Init             0x000108bd     0x8  Code  Gb  proximity_reporter.o [1]
BleApp_Start            0x000108c5     0xe  Code  Gb  proximity_reporter.o [1]
BleConnManager_GapCommonConfig
                        0x0001601b     0x8  Code  Lc  ble_conn_manager.o [1]
BleConnManager_GapPeripheralConfig
                        0x00015fcf    0x10  Code  Gb  ble_conn_manager.o [1]
BleConnManager_GapPeripheralEvent
                        0x00015fdf    0x3c  Code  Gb  ble_conn_manager.o [1]
BleConnManager_GenericEvent
                        0x00015f99    0x36  Code  Gb  ble_conn_manager.o [1]
BleConnManager_MCUInfoToSmpKeys
                        0x00016023    0xfa  Code  Lc  ble_conn_manager.o [1]
Ble_HciRecv             0x00019af5   0x760  Code  Gb  hci_commands.o [4]
Ble_HostInitialize      0x00010ce1     0x8  Code  Gb  gap_api2msg.o [4]
Ble_HostTaskInit        0x0001687d    0x5c  Code  Gb  ble_host_tasks.o [1]
Ble_Initialize          0x00010c41    0x68  Code  Gb  ble_init.o [1]
CLOCK_BootToFeeMode     0x000137b1    0x26  Code  Gb  fsl_clock.o [1]
CLOCK_CONFIG_EnableRtcOsc
                        0x00011c6b    0x30  Code  Lc  clock_config.o [1]
CLOCK_CONFIG_FllStableDelay
                        0x00011c23    0x12  Code  Lc  clock_config.o [1]
CLOCK_CONFIG_SetRtcClock
                        0x00011c35    0x36  Code  Lc  clock_config.o [1]
CLOCK_DisableClock      0x00011bbf    0x12  Code  Lc  clock_config.o [1]
CLOCK_EnableClock       0x0000c689    0x12  Code  Lc  board.o [1]
CLOCK_EnableClock       0x00011bad    0x12  Code  Lc  clock_config.o [1]
CLOCK_EnableClock       0x00012add    0x12  Code  Lc  DCDC.o [1]
CLOCK_EnableClock       0x00012799    0x12  Code  Lc  fsl_adc16.o [1]
CLOCK_EnableClock       0x0000e231    0x12  Code  Lc  fsl_ltc.o [1]
CLOCK_EnableClock       0x000188b1    0x12  Code  Lc  fsl_tpm.o [1]
CLOCK_EnableClock       0x0000f2f9    0x12  Code  Lc  fsl_trng.o [1]
CLOCK_EnableClock       0x00015edd    0x12  Code  Lc  pin_mux.o [1]
CLOCK_GetBusClkFreq     0x00013487    0x24  Code  Gb  fsl_clock.o [1]
CLOCK_GetFllExtRefClkFreq
                        0x0001339b    0x6c  Code  Lc  fsl_clock.o [1]
CLOCK_GetFllFreq        0x00013515    0x40  Code  Gb  fsl_clock.o [1]
CLOCK_GetFllFreq::fllFactorTable
                        0x00024284    0x10  Data  Lc  fsl_clock.o [1]
CLOCK_GetFllRefClkFreq  0x0001342b    0x1e  Code  Lc  fsl_clock.o [1]
CLOCK_GetInternalRefClkFreq
                        0x00013559    0x14  Code  Gb  fsl_clock.o [1]
CLOCK_GetInternalRefClkSelectFreq
                        0x00013407    0x24  Code  Lc  fsl_clock.o [1]
[...]
prvInsertTimerInActiveList
                        0x000115a7    0x4e  Code  Lc  timers.o [1]
prvIsQueueEmpty         0x0000c19b    0x1c  Code  Lc  queue.o [1]
prvIsQueueFull          0x0000c1b7    0x1e  Code  Lc  queue.o [1]
prvProcessExpiredTimer  0x00011489    0x4e  Code  Lc  timers.o [1]
prvProcessReceivedCommands
                        0x00011605    0xe0  Code  Lc  timers.o [1]
prvProcessTimerOrBlockTask
                        0x000114f1    0x62  Code  Lc  timers.o [1]
prvResetNextTaskUnblockTime
                        0x0000b967    0x28  Code  Lc  tasks.o [1]
prvSampleTimeNow        0x0001157f    0x28  Code  Lc  timers.o [1]
prvSampleTimeNow::xLastTime
                        0x1fffd4fc     0x4  Data  Lc  timers.o [1]
prvSetupTimerInterrupt  0x000117f9    0x34  Code  Wk  fsl_tickless_systick.o [1]
prvSwitchTimerLists     0x000116e5    0x7a  Code  Lc  timers.o [1]
prvTaskExitError        0x0000c521    0x16  Code  Lc  port.o [1]
prvTestWaitCondition    0x0000c449    0x22  Code  Lc  event_groups.o [1]
prvTimerTask            0x000114d7    0x1a  Code  Lc  timers.o [1]
prvUnlockQueue          0x0000c129    0x72  Code  Lc  queue.o [1]
pvPortMalloc            0x00011111    0xf2  Code  Gb  heap_4.o [1]
pvTaskIncrementMutexHeldCount
                        0x0000bac9    0x1a  Code  Gb  tasks.o [1]
pxCurrentTCB            0x1fffd4b0     0x4  Data  Gb  tasks.o [1]
pxCurrentTimerList      0x1fffd4ec     0x4  Data  Lc  timers.o [1]
pxDelayedTaskList       0x1fffd4b4     0x4  Data  Lc  tasks.o [1]
pxEnd                   0x1fffd488     0x4  Data  Lc  heap_4.o [1]
pxOverflowDelayedTaskList
                        0x1fffd4b8     0x4  Data  Lc  tasks.o [1]
pxOverflowTimerList     0x1fffd4f0     0x4  Data  Lc  timers.o [1]
pxPortInitialiseStack   0x0000c505    0x1a  Code  Gb  port.o [1]
pxReadyTasksLists       0x1fffc2e4   0x168  Data  Lc  tasks.o [1]
readByGroupTypeUuidsMatch
                        0x0001c175     0x2  Code  Lc  gatt_db_att.o [4]
readByTypeUuidsMatch    0x0001c171     0x4  Code  Lc  gatt_db_att.o [4]
readCccdFlag            0x000178cd    0x24  Code  Lc  gap.o [4]
readPartAttributeValue  0x0001c221    0x74  Code  Lc  gatt_db_att.o [4]
read_another_ifr_word   0x0000ca87    0x16  Code  Gb  ifr_radio.o [1]
read_first_ifr_word     0x0000ca79     0xe  Code  Gb  ifr_radio.o [1]
read_resource_ifr       0x0000ca9d    0x88  Code  Gb  ifr_radio.o [1]
resetActiveDeviceSlot   0x0001b28d    0x20  Code  Lc  device_db.o [4]
rf_param_hardcoded      0x0000a510   0x100  Data  Gb  platform_rf_driver.o [5]
rf_param_specific       0x1fff8774     0x4  Data  Gb  platform_rf_driver.o [5]
rotateOrigin            0x1fffd514     0x4  Data  Gb  SW_SHA256.o [6]
roundf                  0x00013aed    0x98  Code  Gb  round32.o [7]
rx_bba_dcoc_dac_trim_DCest
                        0x0000ce49   0x62c  Code  Gb  fsl_xcvr_trim.o [1]
rx_dc_est_average       0x0000cd15   0x116  Code  Gb  fsl_xcvr_trim.o [1]
rx_dc_est_average::dc_meas_i
                        0x1fffd520     0x2  Data  Lc  fsl_xcvr_trim.o [1]
rx_dc_est_average::dc_meas_q
                        0x1fffd522     0x2  Data  Lc  fsl_xcvr_trim.o [1]
rx_dc_est_average::dc_temp
                        0x1fffd47c     0x4  Data  Lc  fsl_xcvr_trim.o [1]
rx_dc_est_average::temp
                        0x1fffd480     0x4  Data  Lc  fsl_xcvr_trim.o [1]
s_PanicFunctionPtr      0x1fffd474     0x4  Data  Lc  fsl_xcvr.o [1]
s_adc16Bases            0x000244b4     0x4  Data  Lc  fsl_adc16.o [1]
s_adc16Clocks           0x000244b8     0x4  Data  Lc  fsl_adc16.o [1]
s_debugConsole          0x1fffd2c4    0x10  Data  Lc  fsl_debug_console.o [1]
s_dspiMasterIsr         0x1fffd450     0x4  Data  Lc  fsl_dspi.o [1]
s_dspiSlaveIsr          0x1fffd454     0x4  Data  Lc  fsl_dspi.o [1]
s_fastIrcFreq           0x1fff8740     0x4  Data  Lc  fsl_clock.o [1]
s_flashCommonBitOperation
                        0x1fffcfa4    0x40  Data  Lc  fsl_flash.o [1]
s_flashCommonBitOperationFunctionCode
                        0x0002412c    0x1c  Data  Lc  fsl_flash.o [1]
s_flashExecuteInRamFunctionInfo
                        0x1fffd350     0xc  Data  Lc  fsl_flash.o [1]
s_flashRunCommand       0x1fffcf64    0x40  Data  Lc  fsl_flash.o [1]
s_flashRunCommandFunctionCode
                        0x00024330     0xc  Data  Lc  fsl_flash.o [1]
s_i2cHandle             0x1fffd3e0     0x8  Data  Lc  fsl_i2c.o [1]
s_i2cMasterIsr          0x1fffd460     0x4  Data  Lc  fsl_i2c.o [1]
s_i2cSlaveIsr           0x1fffd464     0x4  Data  Lc  fsl_i2c.o [1]
s_lpuartHandle          0x1fffd468     0x4  Data  Lc  fsl_lpuart.o [1]
s_lpuartIsr             0x1fffd46c     0x4  Data  Lc  fsl_lpuart.o [1]
s_slowIrcFreq           0x1fff873c     0x4  Data  Lc  fsl_clock.o [1]
s_tpmBases              0x00024348     0xc  Data  Lc  fsl_tpm.o [1]
s_tpmClocks             0x00024354     0xc  Data  Lc  fsl_tpm.o [1]
s_trngBases             0x000244c0     0x4  Data  Lc  fsl_trng.o [1]
s_trngClock             0x000244c4     0x4  Data  Lc  fsl_trng.o [1]
saved_deep_sleep_mode   0x1fff877a     0x1  Data  Lc  platform_board_init.o [5]
service_LED_Control_valueArray
                        0x1fff878e     0x2  Data  Gb  gatt_database.o [1]
service_battery_valueArray
                        0x1fff8790     0x2  Data  Gb  gatt_database.o [1]
service_device_info_valueArray
                        0x1fff8792     0x2  Data  Gb  gatt_database.o [1]
service_gap_valueArray  0x1fff878a     0x2  Data  Gb  gatt_database.o [1]
service_gatt_valueArray
                        0x1fff8788     0x2  Data  Gb  gatt_database.o [1]
setAdvDataStruct        0x1fffd144    0x20  Data  Lc  ll_advertiser.o [5]
setAdvParamStruct       0x1fffd164    0x10  Data  Lc  ll_advertiser.o [5]
simConfig_BOARD_BootClockRUN
                        0x000243d8     0x8  Data  Gb  clock_config.o [1]
singleAdvCompleteCallback
                        0x1fffd3a0     0x4  Data  Gb  ll_advertiser.o [5]
smCallback              0x0001ec79   0x38a  Code  Gb  gap_sm_cb.o [4]
smCoreStruct            0x1fffcd0c    0x90  Data  Gb  sm_core.o [4]
smDebugLogCircularBuffer
                        0x1fff85dc    0x10  Data  Lc  sm_debug.o [4]
smStateTable            0x0001f4bc    0x78  Data  Lc  sm_states.o [4]
smpCsrk                 0x1fff8620    0x10  Data  Lc  app_config.o [1]
smpIrk                  0x1fff8610    0x10  Data  Lc  app_config.o [1]
smpLeLegacyIoCapToPairingMethodTable
                        0x0001f6d4    0x1c  Data  Lc  sm_states.o [4]
smpLeScIoCapToPairingMethodTable
                        0x0001f6b8    0x1c  Data  Lc  sm_states.o [4]
smpLtk                  0x1fff8600    0x10  Data  Lc  app_config.o [1]
smpPacketTypeLengthTable
                        0x00021f7c    0x10  Data  Lc  sm_packet_op.o [4]
smpRand                 0x1fff867c     0x8  Data  Lc  app_config.o [1]
startAdvStruct          0x1fffd39c     0x4  Data  Lc  ll_advertiser.o [5]
startup_task            0x00007321     0xc  Code  Gb  fsl_os_abstraction_free_rtos.o [1]
static_gattDatabase     0x1fff80c0   0x260  Data  Gb  gatt_database.o [1]
store_sw_trim           0x0000cb25    0x46  Code  Gb  ifr_radio.o [1]
strlen                  0x0001846d    0x10  Code  Gb  strlen.o [8]
sw_sha256_hash_n        0x0000ee29   0x2da  Code  Gb  SW_SHA256.o [6]
sw_sha256_initialize_output
                        0x0000edfd    0x22  Code  Gb  SW_SHA256.o [6]
swap_bytes              0x0000e9df    0x1c  Code  Lc  fsl_ltc.o [1]
sweep_step_values2      0x00024148    0x1c  Data  Lc  fsl_xcvr_trim.o [1]
switchPins              0x1fff872c     0x8  Data  Gb  gpio_pins.o [1]
terminatePairing        0x0001794f    0x2c  Code  Lc  gap.o [4]
timerHardwareIsRunning  0x1fffd54f     0x1  Data  Lc  TimersManager.o [1]
trng_ApplyUserConfig    0x0000f671   0x124  Code  Lc  fsl_trng.o [1]
trng_GetInstance        0x0000f30b    0x30  Code  Lc  fsl_trng.o [1]
trng_ReadEntropy        0x0000f7ad    0x1a  Code  Lc  fsl_trng.o [1]
trng_SetRetryCount      0x0000f3c1    0x32  Code  Lc  fsl_trng.o [1]
trng_SetStatisticalCheckLimit
                        0x0000f411   0x252  Code  Lc  fsl_trng.o [1]
tx_rx_on_delay          0x1fff8784     0x2  Data  Gb  fsl_xcvr.o [1]
tx_rx_synth_delay       0x1fff8786     0x2  Data  Gb  fsl_xcvr.o [1]
ucHeap                  0x1fff87a0  0x1f40  Data  Lc  heap_4.o [1]
ulSetInterruptMaskFromISR
                        0x0000c4f1          Code  Gb  portasm.o [1]
uuid16BitTo128Bit       0x0001c1e9    0x18  Code  Lc  gatt_db_att.o [4]
uxCriticalNesting       0x1fff8754     0x4  Data  Lc  port.o [1]
uxCurrentNumberOfTasks  0x1fffd4c0     0x4  Data  Lc  tasks.o [1]
uxDeletedTasksWaitingCleanUp
                        0x1fffd4bc     0x4  Data  Lc  tasks.o [1]
uxListRemove            0x000113bf    0x2a  Code  Gb  list.o [1]
uxPendedTicks           0x1fffd4d0     0x4  Data  Lc  tasks.o [1]
uxSchedulerSuspended    0x1fffd4e8     0x4  Data  Lc  tasks.o [1]
uxTaskNumber            0x1fffd4dc     0x4  Data  Lc  tasks.o [1]
uxTaskResetEventItemValue
                        0x0000baa9    0x18  Code  Gb  tasks.o [1]
uxTopReadyPriority      0x1fffd4c8     0x4  Data  Lc  tasks.o [1]
vClearInterruptMaskFromISR
                        0x0000c4f9          Code  Gb  portasm.o [1]
vEventGroupSetBitsCallback
                        0x0000c439    0x10  Code  Gb  event_groups.o [1]
vListInitialise         0x0001134d    0x1e  Code  Gb  list.o [1]
vListInitialiseItem     0x0001136b     0x6  Code  Gb  list.o [1]
vListInsert             0x00011389    0x36  Code  Gb  list.o [1]
vListInsertEnd          0x00011371    0x18  Code  Gb  list.o [1]
vPortEnterCritical      0x0000c57d    0x16  Code  Gb  port.o [1]
vPortExitCritical       0x0000c595    0x24  Code  Gb  port.o [1]
vPortFree               0x00011205    0x66  Code  Gb  heap_4.o [1]
vPortStartFirstTask     0x0000c4cf          Code  Gb  portasm.o [1]
vPortYield              0x0000c569    0x12  Code  Gb  port.o [1]
vQueueAddToRegistry     0x0000c1d5    0x2e  Code  Gb  queue.o [1]
vQueueWaitForMessageRestricted
                        0x0000c209    0x50  Code  Gb  queue.o [1]
vSetMSP                 0x0000c489          Code  Gb  portasm.o [1]
vTaskMissedYield        0x0000b879     0x8  Code  Gb  tasks.o [1]
vTaskPlaceOnEventList   0x0000b65d    0x26  Code  Gb  tasks.o [1]
vTaskPlaceOnEventListRestricted
                        0x0000b6d5    0x32  Code  Gb  tasks.o [1]
vTaskPlaceOnUnorderedEventList
                        0x0000b68d    0x40  Code  Gb  tasks.o [1]
vTaskPriorityInherit    0x0000b9b3    0x72  Code  Gb  tasks.o [1]
vTaskSetTimeOutState    0x0000b7f5    0x18  Code  Gb  tasks.o [1]
vTaskStartScheduler     0x0000b3cd    0x50  Code  Gb  tasks.o [1]
vTaskSuspendAll         0x0000b41d     0xc  Code  Gb  tasks.o [1]
vTaskSwitchContext      0x0000b5fd    0x60  Code  Gb  tasks.o [1]
validateAttWriteParams  0x00018405    0x4e  Code  Lc  gatt_server.o [4]
value_appearance_valueArray
                        0x1fff878c     0x2  Data  Gb  gatt_database.o [1]
value_battery_level_valueArray
                        0x1fff8797     0x1  Data  Gb  gatt_database.o [1]
value_device_name_valueArray
                        0x1fff8630    0x10  Data  Gb  gatt_database.o [1]
value_fw_rev_valueArray
                        0x1fff8704     0x8  Data  Gb  gatt_database.o [1]
value_hw_rev_valueArray
                        0x1fff865c     0xc  Data  Gb  gatt_database.o [1]
value_led_status_ctrl_point_valueArray
                        0x1fffd542     0x1  Data  Gb  gatt_database.o [1]
value_led_status_str_valueArray
                        0x1fff86bc     0x8  Data  Gb  gatt_database.o [1]
value_manuf_name_valueArray
                        0x1fff8744     0x4  Data  Gb  gatt_database.o [1]
value_model_no_valueArray
                        0x1fff8650     0xc  Data  Gb  gatt_database.o [1]
value_ppcp_valueArray   0x1fff86a4     0x8  Data  Gb  gatt_database.o [1]
value_serial_no_valueArray
                        0x1fff86ec     0x8  Data  Gb  gatt_database.o [1]
value_service_changed_valueArray
                        0x1fffd484     0x4  Data  Gb  gatt_database.o [1]
value_sw_rev_valueArray
                        0x1fff8714     0x8  Data  Gb  gatt_database.o [1]
value_system_id_valueArray
                        0x1fff8724     0x8  Data  Gb  gatt_database.o [1]
vbatChanConfig          0x000243e8     0x8  Data  Gb  DCDC.o [1]
verifySignature         0x0001b631    0xa4  Code  Lc  gap_cm.o [4]
verifySignature{1}{3}::aData
                        0x1fffc5e8    0xf0  Data  Lc  gap_cm.o [4]
verifySignature{1}{3}::params
                        0x1fffc6d8    0x20  Data  Lc  gap_cm.o [4]
writeAttribute          0x0001c201    0x1c  Code  Lc  gatt_db_att.o [4]
xActiveTimerList1       0x1fffd29c    0x14  Data  Lc  timers.o [1]
xActiveTimerList2       0x1fffd2b0    0x14  Data  Lc  timers.o [1]
xBlockAllocatedBit      0x1fffd494     0x4  Data  Lc  heap_4.o [1]
xDelayedTaskList1       0x1fffd238    0x14  Data  Lc  tasks.o [1]
xDelayedTaskList2       0x1fffd24c    0x14  Data  Lc  tasks.o [1]
xEventGroupCreate       0x0000c259    0x1c  Code  Gb  event_groups.o [1]
xEventGroupSetBits      0x0000c385    0xb2  Code  Gb  event_groups.o [1]
xEventGroupSetBitsFromISR
                        0x0000c46b    0x16  Code  Gb  event_groups.o [1]
xEventGroupWaitBits     0x0000c275   0x10e  Code  Gb  event_groups.o [1]
xFreeBytesRemaining     0x1fffd48c     0x4  Data  Lc  heap_4.o [1]
xHeapStructSize         0x000244c8     0x4  Data  Lc  heap_4.o [1]
xIdleTaskHandle         0x1fffd4e4     0x4  Data  Lc  tasks.o [1]
xMinimumEverFreeBytesRemaining
                        0x1fffd490     0x4  Data  Lc  heap_4.o [1]
xNextTaskUnblockTime    0x1fffd4e0     0x4  Data  Lc  tasks.o [1]
xNumOfOverflows         0x1fffd4d8     0x4  Data  Lc  tasks.o [1]
xPendingReadyList       0x1fffd260    0x14  Data  Lc  tasks.o [1]
xPortStartScheduler     0x0000c537    0x30  Code  Gb  port.o [1]
xQueueCreateCountingSemaphore
                        0x0000bccd    0x28  Code  Gb  queue.o [1]
xQueueCreateMutex       0x0000bc91    0x20  Code  Gb  queue.o [1]
xQueueGenericCreate     0x0000bc05    0x42  Code  Gb  queue.o [1]
xQueueGenericReceive    0x0000beed   0x170  Code  Gb  queue.o [1]
xQueueGenericReset      0x0000bb89    0x7a  Code  Gb  queue.o [1]
xQueueGenericSend       0x0000bcf5   0x14c  Code  Gb  queue.o [1]
xQueueGenericSendFromISR
                        0x0000be41    0xac  Code  Gb  queue.o [1]
xQueueGetMutexHolder    0x0000bcb1    0x1c  Code  Gb  queue.o [1]
xQueueRegistry          0x1fffcfe4    0x40  Data  Gb  queue.o [1]
xSchedulerRunning       0x1fffd4cc     0x4  Data  Lc  tasks.o [1]
xStart                  0x1fffd3e8     0x8  Data  Lc  heap_4.o [1]
xSuspendedTaskList      0x1fffd288    0x14  Data  Lc  tasks.o [1]
xTaskCheckForTimeOut    0x0000b80d    0x68  Code  Gb  tasks.o [1]
xTaskCreate             0x0000b1fd    0x64  Code  Gb  tasks.o [1]
xTaskGetCurrentTaskHandle
                        0x0000b98f     0x6  Code  Gb  tasks.o [1]
xTaskGetSchedulerState  0x0000b995    0x1e  Code  Gb  tasks.o [1]
xTaskGetTickCount       0x0000b4f1     0x6  Code  Gb  tasks.o [1]
xTaskIncrementTick      0x0000b515    0xde  Code  Gb  tasks.o [1]
xTaskPriorityDisinherit
                        0x0000ba39    0x70  Code  Gb  tasks.o [1]
xTaskRemoveFromEventList
                        0x0000b715    0x6c  Code  Gb  tasks.o [1]
xTaskRemoveFromUnorderedEventList
                        0x0000b789    0x6a  Code  Gb  tasks.o [1]
xTaskResumeAll          0x0000b42d    0xc4  Code  Gb  tasks.o [1]
xTasksWaitingTermination
                        0x1fffd274    0x14  Data  Lc  tasks.o [1]
xTickCount              0x1fffd4c4     0x4  Data  Lc  tasks.o [1]
xTimerCreateTimerTask   0x000113e9    0x32  Code  Gb  timers.o [1]
xTimerGenericCommand    0x0001141d    0x6a  Code  Gb  timers.o [1]
xTimerPendFunctionCallFromISR
                        0x000117b5    0x2a  Code  Gb  timers.o [1]
xTimerQueue             0x1fffd4f4     0x4  Data  Lc  timers.o [1]
xTimerTaskHandle        0x1fffd4f8     0x4  Data  Lc  timers.o [1]
xYieldPending           0x1fffd4d4     0x4  Data  Lc  tasks.o [1]
xcvr_1mbps_config       0x00023e7c    0x40  Data  Gb  fsl_xcvr_mode_datarate_config.o [1]
xcvr_250kbps_config     0x00023efc    0x40  Data  Gb  fsl_xcvr_mode_datarate_config.o [1]
xcvr_500kbps_config     0x00023ebc    0x40  Data  Gb  fsl_xcvr_mode_datarate_config.o [1]
xcvr_802_15_4_500kbps_config
                        0x00023f3c    0x40  Data  Gb  fsl_xcvr_zgbe_config.o [1]
xcvr_ANT_1mbps_config   0x00022fa4    0x68  Data  Gb  fsl_xcvr_ant_config.o [1]
xcvr_BLE_1mbps_config   0x0002300c    0x68  Data  Gb  fsl_xcvr_ble_config.o [1]
xcvr_GFSK_BT_0p3_h_0p5_1mbps_config
                        0x00023074    0x68  Data  Gb  fsl_xcvr_gfsk_bt_0p3_h_0p5_config.o [1]
xcvr_GFSK_BT_0p3_h_0p5_250kbps_config
                        0x00023144    0x68  Data  Gb  fsl_xcvr_gfsk_bt_0p3_h_0p5_config.o [1]
xcvr_GFSK_BT_0p3_h_0p5_500kbps_config
                        0x000230dc    0x68  Data  Gb  fsl_xcvr_gfsk_bt_0p3_h_0p5_config.o [1]
xcvr_GFSK_BT_0p5_h_0p32_1mbps_config
                        0x000231ac    0x68  Data  Gb  fsl_xcvr_gfsk_bt_0p5_h_0p32_config.o [1]
xcvr_GFSK_BT_0p5_h_0p32_250kbps_config
                        0x0002327c    0x68  Data  Gb  fsl_xcvr_gfsk_bt_0p5_h_0p32_config.o [1]
xcvr_GFSK_BT_0p5_h_0p32_500kbps_config
                        0x00023214    0x68  Data  Gb  fsl_xcvr_gfsk_bt_0p5_h_0p32_config.o [1]
xcvr_GFSK_BT_0p5_h_0p5_1mbps_config
                        0x000232e4    0x68  Data  Gb  fsl_xcvr_gfsk_bt_0p5_h_0p5_config.o [1]
xcvr_GFSK_BT_0p5_h_0p5_250kbps_config
                        0x000233b4    0x68  Data  Gb  fsl_xcvr_gfsk_bt_0p5_h_0p5_config.o [1]
xcvr_GFSK_BT_0p5_h_0p5_500kbps_config
                        0x0002334c    0x68  Data  Gb  fsl_xcvr_gfsk_bt_0p5_h_0p5_config.o [1]
xcvr_GFSK_BT_0p5_h_0p7_1mbps_config
                        0x0002341c    0x68  Data  Gb  fsl_xcvr_gfsk_bt_0p5_h_0p7_config.o [1]
xcvr_GFSK_BT_0p5_h_0p7_250kbps_config
                        0x000234ec    0x68  Data  Gb  fsl_xcvr_gfsk_bt_0p5_h_0p7_config.o [1]
xcvr_GFSK_BT_0p5_h_0p7_500kbps_config
                        0x00023484    0x68  Data  Gb  fsl_xcvr_gfsk_bt_0p5_h_0p7_config.o [1]
xcvr_GFSK_BT_0p5_h_1p0_1mbps_config
                        0x00023554    0x68  Data  Gb  fsl_xcvr_gfsk_bt_0p5_h_1p0_config.o [1]
xcvr_GFSK_BT_0p5_h_1p0_250kbps_config
                        0x00023624    0x68  Data  Gb  fsl_xcvr_gfsk_bt_0p5_h_1p0_config.o [1]
xcvr_GFSK_BT_0p5_h_1p0_500kbps_config
                        0x000235bc    0x68  Data  Gb  fsl_xcvr_gfsk_bt_0p5_h_1p0_config.o [1]
xcvr_GFSK_BT_0p7_h_0p5_1mbps_config
                        0x0002368c    0x68  Data  Gb  fsl_xcvr_gfsk_bt_0p7_h_0p5_config.o [1]
xcvr_GFSK_BT_0p7_h_0p5_250kbps_config
                        0x0002375c    0x68  Data  Gb  fsl_xcvr_gfsk_bt_0p7_h_0p5_config.o [1]
xcvr_GFSK_BT_0p7_h_0p5_500kbps_config
                        0x000236f4    0x68  Data  Gb  fsl_xcvr_gfsk_bt_0p7_h_0p5_config.o [1]
xcvr_MSK_1mbps_config   0x000237c4    0x68  Data  Gb  fsl_xcvr_msk_config.o [1]
xcvr_MSK_250kbps_config
                        0x00023894    0x68  Data  Gb  fsl_xcvr_msk_config.o [1]
xcvr_MSK_500kbps_config
                        0x0002382c    0x68  Data  Gb  fsl_xcvr_msk_config.o [1]
xcvr_ZIGBEE_500kbps_config
                        0x000238fc    0x68  Data  Gb  fsl_xcvr_zgbe_config.o [1]
xcvr_common_config      0x00022854   0x23c  Data  Gb  fsl_xcvr_common_config.o [1]
zgbe_mode_config        0x00023c9c    0x48  Data  Gb  fsl_xcvr_zgbe_config.o [1]


[1] = C:\dp_repos\SDK_2.2_FRDM-KW41Z\boards\frdmkw41z\wireless_examples\bluetooth\BLE Light\freertos\iar\debug\obj
[2] = command line
[3] = dl6M_tln.a
[4] = lib_ble_4-2_host_peripheral_cm0p.a
[5] = lib_ble_kw41z_controller.a
[6] = lib_crypto_m0.a
[7] = m6M_tl.a
[8] = rt6M_tl.a
[9] = shb_l.a

  140 783 bytes of readonly  code memory
    8 039 bytes of readonly  data memory
   22 040 bytes of readwrite data memory

Errors: none
Warnings: none
